 Image revguard-ablation-revguard-api-experiment Building 
 Image revguard-ablation-ablation-runner Building 
#1 [internal] load local bake definitions
#1 reading from stdin 1.19kB done
#1 DONE 0.0s

#2 [revguard-api-experiment internal] load build definition from Dockerfile
#2 transferring dockerfile: 3.19kB done
#2 DONE 0.0s

#3 [revguard-api-experiment internal] load metadata for docker.io/library/node:20-alpine
#3 DONE 0.0s

#4 [revguard-api-experiment internal] load metadata for docker.io/library/python:3.11-slim
#4 DONE 0.0s

#5 [ablation-runner internal] load .dockerignore
#5 transferring context: 217B done
#5 DONE 0.0s

#6 [ablation-runner stage-1  1/17] FROM docker.io/library/python:3.11-slim
#6 DONE 0.0s

#7 [revguard-api-experiment demo-ui-build 1/6] FROM docker.io/library/node:20-alpine
#7 DONE 0.0s

#8 [ablation-runner internal] load build context
#8 transferring context: 9.60kB done
#8 DONE 0.0s

#9 [ablation-runner stage-1 15/17] COPY --from=demo-ui-build /ui/dist/client/ ./demo-ui/dist/client/
#9 CACHED

#10 [ablation-runner demo-ui-build 2/6] WORKDIR /ui
#10 CACHED

#11 [ablation-runner stage-1  7/17] COPY scripts/ ./scripts/
#11 CACHED

#12 [ablation-runner stage-1 10/17] COPY config/skill-integrity.json ./config/skill-integrity.json
#12 CACHED

#13 [ablation-runner stage-1  4/17] COPY requirements.txt requirements.lock ./
#13 CACHED

#14 [ablation-runner stage-1  9/17] COPY config/demo_principals.json ./config/demo_principals.json
#14 CACHED

#15 [ablation-runner stage-1  5/17] RUN pip install --no-cache-dir -r requirements.lock &&     pip uninstall --yes setuptools
#15 CACHED

#16 [ablation-runner stage-1  2/17] RUN apt-get update && apt-get upgrade -y --no-install-recommends     && rm -rf /var/lib/apt/lists/*
#16 CACHED

#17 [ablation-runner demo-ui-build 5/6] COPY demo-ui/ ./
#17 CACHED

#18 [ablation-runner stage-1 13/17] COPY docs/evaluation-summary.json      docs/value-evaluation-synthetic.json      docs/synthetic-data-validation.json      docs/public-data-experiment-summary.json      docs/polardb-local-verification-2026-08-27.json      docs/polardb-local-instance-acceptance-2026-08-29.json      ./docs/
#18 CACHED

#19 [ablation-runner stage-1  8/17] COPY migrations/ ./migrations/
#19 CACHED

#20 [ablation-runner stage-1  3/17] WORKDIR /app
#20 CACHED

#21 [ablation-runner demo-ui-build 3/6] COPY demo-ui/package.json demo-ui/package-lock.json ./
#21 CACHED

#22 [ablation-runner stage-1 11/17] COPY data/fixtures/ ./data/fixtures/
#22 CACHED

#23 [ablation-runner stage-1 12/17] COPY data/golden_cases/ ./data/golden_cases/
#23 CACHED

#24 [ablation-runner demo-ui-build 6/6] RUN npm run build
#24 CACHED

#25 [ablation-runner stage-1 16/17] RUN getent group revguard >/dev/null || addgroup --system revguard;     id -u revguard >/dev/null 2>&1 || adduser --system --ingroup revguard revguard
#25 CACHED

#26 [ablation-runner stage-1  6/17] COPY revguard/ ./revguard/
#26 CACHED

#27 [ablation-runner stage-1 14/17] COPY docs/evidence/demo-rehearsal/manifest.json ./docs/evidence/demo-rehearsal/manifest.json
#27 CACHED

#28 [ablation-runner demo-ui-build 4/6] RUN npm ci
#28 CACHED

#29 [revguard-api-experiment stage-1 17/17] RUN mkdir -p /app/data/outputs /app/docs/reports /app/runtime &&     chmod +x /app/scripts/start_api.sh &&     chown -R revguard:revguard /app
#29 CACHED

#30 [ablation-runner] exporting to image
#30 exporting layers done
#30 writing image sha256:42c24817f8b3dc5e3fabb98cc3b58871d020c9ead8bd56f5650bcb8c8222b492
#30 writing image sha256:42c24817f8b3dc5e3fabb98cc3b58871d020c9ead8bd56f5650bcb8c8222b492 done
#30 naming to docker.io/library/revguard-ablation-ablation-runner done
#30 DONE 0.0s

#31 [revguard-api-experiment] exporting to image
#31 exporting layers done
#31 writing image sha256:881a03128f90062881bb7318e402841bfd35499732637743cfaaba046d695db8 done
#31 naming to docker.io/library/revguard-ablation-revguard-api-experiment done
#31 DONE 0.0s

#32 [ablation-runner] resolving provenance for metadata file
#32 DONE 0.0s

#33 [revguard-api-experiment] resolving provenance for metadata file
#33 DONE 0.0s
 Image revguard-ablation-ablation-runner Built 
 Image revguard-ablation-revguard-api-experiment Built 
