/usr/local/bin/python scripts/gen_skill_docs.py --check
verified /workspace/docs/skills.md (16 skills)
/usr/local/bin/python scripts/export_openapi.py --check
verified /workspace/docs/openapi.json
/usr/local/bin/python scripts/validate_evaluation_snapshot.py
verified /workspace/docs/evaluation-summary.json: 105/105, UTC, median benchmark
/usr/local/bin/python scripts/validate_synthetic_dataset.py \
	--check docs/synthetic-data-validation.json
/usr/local/bin/python -m ruff check revguard scripts tests
All checks passed!
[tester]	WARNING	nosec encountered (B105), but no failed test on file revguard/matrix_team.py:342
[tester]	WARNING	nosec encountered (B105), but no failed test on file revguard/matrix_team.py:511
[tester]	WARNING	nosec encountered (B105), but no failed test on file revguard/matrix_team.py:513
[tester]	WARNING	nosec encountered (B608), but no failed test on file revguard/postgres_store.py:155
[manager]	WARNING	Test in comment: literal is not a test name or id, ignoring
[manager]	WARNING	Test in comment: allowlist is not a test name or id, ignoring
[tester]	WARNING	nosec encountered (B608), but no failed test on file revguard/runtime_barrier.py:162
[tester]	WARNING	nosec encountered (B608), but no failed test on file revguard/store.py:187
[tester]	WARNING	nosec encountered (B105), but no failed test on file scripts/configure_matrix_worker_rooms.py:86
[tester]	WARNING	nosec encountered (B105), but no failed test on file scripts/configure_matrix_worker_rooms.py:87
[tester]	WARNING	nosec encountered (B105), but no failed test on file scripts/configure_matrix_worker_rooms.py:88
[tester]	WARNING	nosec encountered (B105), but no failed test on file scripts/configure_matrix_worker_rooms.py:89
[tester]	WARNING	nosec encountered (B105), but no failed test on file scripts/configure_matrix_worker_rooms.py:92
[tester]	WARNING	nosec encountered (B105), but no failed test on file scripts/configure_matrix_worker_rooms.py:93
[tester]	WARNING	nosec encountered (B105), but no failed test on file scripts/configure_matrix_worker_rooms.py:94
[tester]	WARNING	nosec encountered (B105), but no failed test on file scripts/configure_matrix_worker_rooms.py:97
[tester]	WARNING	nosec encountered (B105), but no failed test on file scripts/configure_matrix_worker_rooms.py:98
[tester]	WARNING	nosec encountered (B105), but no failed test on file scripts/configure_matrix_worker_rooms.py:86
[tester]	WARNING	nosec encountered (B105), but no failed test on file scripts/configure_matrix_worker_rooms.py:96
