后端 Principal 已配置；公开示例 Worker key 已替换，已有私密 key 保持不变。
Read-only metrics credential and Grafana password prepared in .runtime/observability

==> 先构建，再确认静止并停止旧 API
Compose now can delegate build to bake for better performances
Just set COMPOSE_BAKE=true
#0 building with "default" instance using docker driver

#1 [revguard-api internal] load build definition from Dockerfile
#1 DONE 0.0s

#1 [revguard-api internal] load build definition from Dockerfile
#1 transferring dockerfile:
#1 transferring dockerfile: 2.71kB done
#1 DONE 1.0s

#2 [revguard-api internal] load metadata for docker.io/library/python:3.11-slim
#2 DONE 0.0s

#3 [revguard-api internal] load metadata for docker.io/library/node:20-alpine
#3 DONE 0.0s

#4 [revguard-api internal] load .dockerignore
#4 transferring context:
#4 transferring context: 217B done
#4 DONE 0.5s

#5 [revguard-api demo-ui-build 1/6] FROM docker.io/library/node:20-alpine
#5 DONE 0.0s

#6 [revguard-api stage-1  1/15] FROM docker.io/library/python:3.11-slim
#6 DONE 0.0s

#7 [revguard-api internal] load build context
#7 transferring context: 108.40kB done
#7 DONE 0.0s

#8 [revguard-api demo-ui-build 3/6] COPY demo-ui/package.json demo-ui/package-lock.json ./
#8 CACHED

#9 [revguard-api demo-ui-build 2/6] WORKDIR /ui
#9 CACHED

#10 [revguard-api demo-ui-build 5/6] COPY demo-ui/ ./
#10 CACHED

#11 [revguard-api demo-ui-build 4/6] RUN npm ci
#11 CACHED

#12 [revguard-api stage-1  3/15] COPY requirements.txt requirements.lock ./
#12 CACHED

#13 [revguard-api stage-1  4/15] RUN pip install --no-cache-dir -r requirements.lock &&     pip uninstall --yes setuptools
#13 CACHED

#14 [revguard-api stage-1  2/15] WORKDIR /app
#14 CACHED

#15 [revguard-api demo-ui-build 6/6] RUN npm run build
#15 CACHED

#16 [revguard-api stage-1  5/15] COPY revguard/ ./revguard/
#16 CACHED

#17 [revguard-api stage-1  6/15] COPY scripts/ ./scripts/
#17 DONE 0.4s

#18 [revguard-api stage-1  7/15] COPY migrations/ ./migrations/
#18 DONE 0.0s

#19 [revguard-api stage-1  8/15] COPY config/demo_principals.json ./config/demo_principals.json
#19 DONE 0.0s

#20 [revguard-api stage-1  9/15] COPY data/fixtures/ ./data/fixtures/
#20 DONE 0.0s

#21 [revguard-api stage-1 10/15] COPY data/golden_cases/ ./data/golden_cases/
#21 DONE 0.0s

#22 [revguard-api stage-1 11/15] COPY docs/evaluation-summary.json      docs/value-evaluation-synthetic.json      docs/synthetic-data-validation.json      docs/polardb-local-verification-2026-08-27.json      docs/polardb-local-instance-acceptance-2026-08-29.json      ./docs/
#22 DONE 0.0s

#23 [revguard-api stage-1 12/15] COPY docs/evidence/demo-rehearsal/manifest.json ./docs/evidence/demo-rehearsal/manifest.json
#23 DONE 0.0s

#24 [revguard-api stage-1 13/15] COPY --from=demo-ui-build /ui/dist/client/ ./demo-ui/dist/client/
#24 DONE 0.0s

#25 [revguard-api stage-1 14/15] RUN getent group revguard >/dev/null || addgroup --system revguard;     id -u revguard >/dev/null 2>&1 || adduser --system --ingroup revguard revguard
#25 DONE 0.3s

#26 [revguard-api stage-1 15/15] RUN mkdir -p /app/data/outputs /app/docs/reports /app/runtime &&     chmod +x /app/scripts/start_api.sh &&     chown -R revguard:revguard /app
#26 DONE 0.4s

#27 [revguard-api] exporting to image
#27 exporting layers 0.1s done
#27 writing image sha256:71a1908439b8df5ce12065f226379cbabf0096959bb61ab4dfa6a681a662dd7a done
#27 naming to docker.io/library/workspace-revguard-api done
#27 DONE 0.1s

#28 [revguard-api] resolving provenance for metadata file
#28 DONE 0.0s
 revguard-api  Built

==> 保存跨重启维护标记；失败后重跑部署，验收通过才开放业务
 Network workspace_default  Creating
 Network workspace_default  Created
 Volume "workspace_revguard-polardb-data"  Creating
 Volume "workspace_revguard-polardb-data"  Created
 Volume "workspace_revguard-outputs"  Creating
 Volume "workspace_revguard-outputs"  Created
 Volume "workspace_revguard-reports"  Creating
 Volume "workspace_revguard-reports"  Created
 Volume "workspace_revguard-db"  Creating
 Volume "workspace_revguard-db"  Created

==> 启动 PolarDB-PG 并应用核心 Schema
 Container revguard-polardb  Creating
 Container revguard-polardb  Created
 Container revguard-polardb  Starting
 Container revguard-polardb  Started
psql: error: connection to server at "127.0.0.1", port 5432 failed: FATAL:  role "revguard_owner" does not exist
createdb: error: connection to server at "127.0.0.1", port 5432 failed: FATAL:  role "revguard_owner" does not exist

部署在第 195 行失败（exit=1）。
诊断：docker compose logs --tail=200 revguard-api
AgentTeams：docker exec agentteams-controller agt get teams
