#0 building with "default" instance using docker driver

#1 [internal] load build definition from Dockerfile
#1 DONE 0.0s

#1 [internal] load build definition from Dockerfile
#1 transferring dockerfile: 2.71kB done
#1 DONE 0.0s

#2 [internal] load metadata for docker.io/library/node:20-alpine
#2 ...

#3 [internal] load metadata for docker.io/library/python:3.11-slim
#3 DONE 0.2s

#2 [internal] load metadata for docker.io/library/node:20-alpine
#2 DONE 0.2s

#4 [internal] load .dockerignore
#4 transferring context: 217B done
#4 DONE 0.0s

#5 [demo-ui-build 1/6] FROM docker.io/library/node:20-alpine@sha256:fb4cd12c85ee03686f6af5362a0b0d56d50c58a04632e6c0fb8363f609372293
#5 DONE 0.0s

#6 [internal] load build context
#6 transferring context: 186.63kB done
#6 DONE 0.0s

#7 [stage-1  1/15] FROM docker.io/library/python:3.11-slim@sha256:9534e5a8e315485d4061ed659af0fd78a284c015f9b73661b41d6bab25604534
#7 resolve docker.io/library/python:3.11-slim@sha256:9534e5a8e315485d4061ed659af0fd78a284c015f9b73661b41d6bab25604534 0.0s done
#7 DONE 0.0s

#8 [demo-ui-build 3/6] COPY demo-ui/package.json demo-ui/package-lock.json ./
#8 CACHED

#9 [demo-ui-build 2/6] WORKDIR /ui
#9 CACHED

#10 [demo-ui-build 5/6] COPY demo-ui/ ./
#10 CACHED

#11 [demo-ui-build 4/6] RUN npm ci
#11 CACHED

#12 [stage-1  2/15] WORKDIR /app
#12 CACHED

#13 [stage-1  3/15] COPY requirements.txt requirements.lock ./
#13 CACHED

#14 [demo-ui-build 6/6] RUN npm run build
#14 CACHED

#15 [stage-1  4/15] RUN pip install --no-cache-dir -r requirements.lock &&     pip uninstall --yes setuptools
#15 CACHED

#16 [stage-1  5/15] COPY revguard/ ./revguard/
#16 DONE 0.1s

#17 [stage-1  6/15] COPY scripts/ ./scripts/
#17 DONE 0.1s

#18 [stage-1  7/15] COPY migrations/ ./migrations/
#18 DONE 0.0s

#19 [stage-1  8/15] COPY config/demo_principals.json ./config/demo_principals.json
#19 DONE 0.0s

#20 [stage-1  9/15] COPY data/fixtures/ ./data/fixtures/
#20 DONE 0.0s

#21 [stage-1 10/15] COPY data/golden_cases/ ./data/golden_cases/
#21 DONE 0.0s

#22 [stage-1 11/15] COPY docs/evaluation-summary.json      docs/value-evaluation-synthetic.json      docs/synthetic-data-validation.json      docs/polardb-local-verification-2026-08-27.json      docs/polardb-local-instance-acceptance-2026-08-29.json      ./docs/
#22 DONE 0.2s

#23 [stage-1 12/15] COPY docs/evidence/demo-rehearsal/manifest.json ./docs/evidence/demo-rehearsal/manifest.json
#23 DONE 0.0s

#24 [stage-1 13/15] COPY --from=demo-ui-build /ui/dist/client/ ./demo-ui/dist/client/
#24 DONE 0.2s

#25 [stage-1 14/15] RUN getent group revguard >/dev/null || addgroup --system revguard;     id -u revguard >/dev/null 2>&1 || adduser --system --ingroup revguard revguard
#25 DONE 0.4s

#26 [stage-1 15/15] RUN mkdir -p /app/data/outputs /app/docs/reports /app/runtime &&     chmod +x /app/scripts/start_api.sh &&     chown -R revguard:revguard /app
#26 DONE 0.4s

#27 exporting to image
#27 exporting layers
#27 exporting layers 0.5s done
#27 writing image sha256:a4df41dbc96d78b115272e46775ede80e14a5d9bdc4f4c2a26bd536e7bd87021 done
#27 naming to docker.io/library/revguard-ui-audit:0.5.8 done
#27 DONE 0.6s
