 Image revguard-polardb-ha-revguard-tools Building 
 Image revguard-polardb-ha:local Building 
#1 [internal] load local bake definitions
#1 reading from stdin 1.03kB done
#1 DONE 0.0s

#2 [polardb-primary internal] load build definition from Dockerfile
#2 transferring dockerfile:
#2 transferring dockerfile: 582B done
#2 DONE 0.0s

#3 [revguard-tools internal] load build definition from Dockerfile
#3 transferring dockerfile: 3.19kB done
#3 DONE 0.0s

#4 [polardb-primary internal] load metadata for docker.io/polardb/polardb_pg_local_instance:15
#4 DONE 0.0s

#5 [revguard-tools internal] load metadata for docker.io/library/python:3.11-slim
#5 DONE 0.0s

#6 [revguard-tools internal] load metadata for docker.io/library/node:20-alpine
#6 DONE 0.0s

#7 [polardb-primary internal] load .dockerignore
#7 transferring context: 217B done
#7 DONE 0.0s

#8 [polardb-primary 1/3] FROM docker.io/polardb/polardb_pg_local_instance:15
#8 DONE 0.0s

#9 [revguard-tools stage-1  1/17] FROM docker.io/library/python:3.11-slim
#9 DONE 0.0s

#10 [revguard-tools demo-ui-build 1/6] FROM docker.io/library/node:20-alpine
#10 DONE 0.0s

#11 [polardb-primary internal] load build context
#11 transferring context: 112B done
#11 DONE 0.0s

#12 [polardb-primary 2/3] COPY --chown=postgres:postgres ops/polardb-ha/node-entrypoint.sh /usr/local/bin/revguard-polar-node
#12 CACHED

#13 [polardb-primary 3/3] RUN chmod 0755 /usr/local/bin/revguard-polar-node
#13 CACHED

#14 [revguard-tools internal] load build context
#14 transferring context: 19.25kB done
#14 DONE 0.0s

#15 [polardb-primary] exporting to image
#15 exporting layers done
#15 writing image sha256:8e8cc1836d0a5f4bec1290e78bf52671baa2651696f0fc47258722ab6abf7d2d done
#15 naming to docker.io/library/revguard-polardb-ha:local done
#15 DONE 0.0s

#16 [polardb-primary] resolving provenance for metadata file
#16 DONE 0.0s

#17 [revguard-tools stage-1  4/17] COPY requirements.txt requirements.lock ./
#17 CACHED

#18 [revguard-tools stage-1  2/17] RUN apt-get update && apt-get upgrade -y --no-install-recommends     && rm -rf /var/lib/apt/lists/*
#18 CACHED

#19 [revguard-tools stage-1  3/17] WORKDIR /app
#19 CACHED

#20 [revguard-tools stage-1  5/17] RUN pip install --no-cache-dir -r requirements.lock &&     pip uninstall --yes setuptools
#20 CACHED

#21 [revguard-tools stage-1  6/17] COPY revguard/ ./revguard/
#21 CACHED

#22 [revguard-tools demo-ui-build 3/6] COPY demo-ui/package.json demo-ui/package-lock.json ./
#22 CACHED

#23 [revguard-tools demo-ui-build 5/6] COPY demo-ui/ ./
#23 CACHED

#24 [revguard-tools demo-ui-build 2/6] WORKDIR /ui
#24 CACHED

#25 [revguard-tools demo-ui-build 4/6] RUN npm ci
#25 CACHED

#26 [revguard-tools demo-ui-build 6/6] RUN npm run build
#26 CACHED

#27 [revguard-tools stage-1  7/17] COPY scripts/ ./scripts/
#27 DONE 0.1s

#28 [revguard-tools stage-1  8/17] COPY migrations/ ./migrations/
#28 DONE 0.0s

#29 [revguard-tools stage-1  9/17] COPY config/demo_principals.json ./config/demo_principals.json
#29 DONE 0.0s

#30 [revguard-tools stage-1 10/17] COPY config/skill-integrity.json ./config/skill-integrity.json
#30 DONE 0.0s

#31 [revguard-tools stage-1 11/17] COPY data/fixtures/ ./data/fixtures/
#31 DONE 0.0s

#32 [revguard-tools stage-1 12/17] COPY data/golden_cases/ ./data/golden_cases/
#32 DONE 0.0s

#33 [revguard-tools stage-1 13/17] COPY docs/evaluation-summary.json      docs/value-evaluation-synthetic.json      docs/synthetic-data-validation.json      docs/public-data-experiment-summary.json      docs/polardb-local-verification-2026-08-27.json      docs/polardb-local-instance-acceptance-2026-08-29.json      ./docs/
#33 DONE 0.1s

#34 [revguard-tools stage-1 14/17] COPY docs/evidence/demo-rehearsal/manifest.json ./docs/evidence/demo-rehearsal/manifest.json
#34 DONE 0.1s

#35 [revguard-tools stage-1 15/17] COPY --from=demo-ui-build /ui/dist/client/ ./demo-ui/dist/client/
#35 DONE 0.1s

#36 [revguard-tools stage-1 16/17] RUN getent group revguard >/dev/null || addgroup --system revguard;     id -u revguard >/dev/null 2>&1 || adduser --system --ingroup revguard revguard
#36 DONE 0.5s

#37 [revguard-tools stage-1 17/17] RUN mkdir -p /app/data/outputs /app/docs/reports /app/runtime &&     chmod +x /app/scripts/start_api.sh &&     chown -R revguard:revguard /app
#37 DONE 0.5s

#38 [revguard-tools] exporting to image
#38 exporting layers 0.1s done
#38 writing image sha256:d85c5498f78b4573a81d4a6d3430df95fd6b8511b78e84b81ecada5b316eb0f9 done
#38 naming to docker.io/library/revguard-polardb-ha-revguard-tools done
#38 DONE 0.1s

#39 [revguard-tools] resolving provenance for metadata file
#39 DONE 0.0s
 Image revguard-polardb-ha-revguard-tools Built 
 Image revguard-polardb-ha:local Built 
