 Container revguard-polardb-ha-ha-router-1 Stopping 
 Container revguard-polardb-ha-pitr-recovery-1 Stopping 
 Container revguard-polardb-ha-failover-controller-1 Stopping 
 Container revguard-polardb-ha-ha-router-1 Stopped 
 Container revguard-polardb-ha-ha-router-1 Removing 
 Container revguard-polardb-ha-ha-router-1 Removed 
 Container revguard-polardb-ha-pitr-recovery-1 Stopped 
 Container revguard-polardb-ha-pitr-recovery-1 Removing 
 Container revguard-polardb-ha-pitr-recovery-1 Removed 
 Container revguard-polardb-ha-failover-controller-1 Stopped 
 Container revguard-polardb-ha-failover-controller-1 Removing 
 Container revguard-polardb-ha-failover-controller-1 Removed 
 Container revguard-polardb-ha-polardb-standby-1 Stopping 
 Container revguard-polardb-ha-polardb-standby-1 Stopped 
 Container revguard-polardb-ha-polardb-standby-1 Removing 
 Container revguard-polardb-ha-polardb-standby-1 Removed 
 Container revguard-polardb-ha-polardb-primary-1 Stopping 
 Container revguard-polardb-ha-polardb-primary-1 Stopped 
 Container revguard-polardb-ha-polardb-primary-1 Removing 
 Container revguard-polardb-ha-polardb-primary-1 Removed 
 Volume revguard-polardb-ha_revguard-ha-standby-private Removing 
 Volume revguard-polardb-ha_revguard-ha-recovery-private Removing 
 Volume revguard-polardb-ha_revguard-ha-primary-private Removing 
 Volume revguard-polardb-ha_revguard-ha-recovery-shared Removing 
 Volume revguard-polardb-ha_revguard-ha-wal-archive Removing 
 Volume revguard-polardb-ha_revguard-ha-shared-storage Removing 
 Network revguard-polardb-ha-net Removing 
 Volume revguard-polardb-ha_revguard-ha-standby-private Removed 
 Volume revguard-polardb-ha_revguard-ha-recovery-private Removed 
 Volume revguard-polardb-ha_revguard-ha-recovery-shared Removed 
 Volume revguard-polardb-ha_revguard-ha-shared-storage Removed 
 Volume revguard-polardb-ha_revguard-ha-primary-private Removed 
 Volume revguard-polardb-ha_revguard-ha-wal-archive Removed 
 Network revguard-polardb-ha-net Removed 
