#0 building with "default" instance using docker driver

#1 [internal] load build definition from Dockerfile
#1 DONE 0.0s

#1 [internal] load build definition from Dockerfile
#1 transferring dockerfile: 515B done
#1 DONE 0.0s

#2 [internal] load metadata for higress-registry.cn-hangzhou.cr.aliyuncs.com/agentteams/agentteams-copaw-worker:v1.2.0
#2 DONE 0.0s

#3 [internal] load .dockerignore
#3 transferring context: 2B done
#3 DONE 0.0s

#4 [1/4] FROM higress-registry.cn-hangzhou.cr.aliyuncs.com/agentteams/agentteams-copaw-worker:v1.2.0
#4 DONE 0.0s

#5 [internal] load build context
#5 transferring context: 4.49kB done
#5 DONE 0.0s

#6 [2/4] COPY patch_bridge.py /tmp/revguard-patch-runtime-bridge.py
#6 CACHED

#7 [3/4] COPY verify_bridge.py /tmp/revguard-verify-runtime-bridge.py
#7 DONE 0.0s

#8 [4/4] RUN python3 /tmp/revguard-patch-runtime-bridge.py &&     python3 /tmp/revguard-verify-runtime-bridge.py &&     rm /tmp/revguard-patch-runtime-bridge.py /tmp/revguard-verify-runtime-bridge.py
#8 0.764 RevGuard model and idle-heartbeat policy patched: /opt/venv/lite/lib/python3.11/site-packages/copaw_worker/bridge.py
#8 0.764 RevGuard model and idle-heartbeat policy patched: /opt/venv/standard/lib/python3.11/site-packages/copaw_worker/bridge.py
#8 1.281 Installed CoPaw bridge fresh/restart worker and manager contracts passed: /opt/venv/lite/lib/python3.11/site-packages/copaw_worker/bridge.py
#8 1.281 Installed CoPaw bridge fresh/restart worker and manager contracts passed: /opt/venv/standard/lib/python3.11/site-packages/copaw_worker/bridge.py
#8 DONE 1.3s

#9 exporting to image
#9 exporting layers 0.0s done
#9 writing image sha256:c60815f5dd21c2991cbac5e9b97f95723d2c94588a2a6f712ceaf6eb34c4df33 done
#9 naming to docker.io/library/revguard-agentteams-worker:luna-20260912 done
#9 DONE 0.1s
#0 building with "default" instance using docker driver

#1 [internal] load build definition from Dockerfile
#1 transferring dockerfile: 515B done
#1 DONE 0.0s

#2 [internal] load metadata for higress-registry.cn-hangzhou.cr.aliyuncs.com/agentteams/agentteams-manager-copaw:latest
#2 DONE 0.0s

#3 [internal] load .dockerignore
#3 transferring context: 2B done
#3 DONE 0.0s

#4 [1/4] FROM higress-registry.cn-hangzhou.cr.aliyuncs.com/agentteams/agentteams-manager-copaw:latest
#4 CACHED

#5 [internal] load build context
#5 transferring context: 73B done
#5 DONE 0.0s

#6 [2/4] COPY patch_bridge.py /tmp/revguard-patch-runtime-bridge.py
#6 DONE 0.4s

#7 [3/4] COPY verify_bridge.py /tmp/revguard-verify-runtime-bridge.py
#7 DONE 0.0s

#8 [4/4] RUN python3 /tmp/revguard-patch-runtime-bridge.py &&     python3 /tmp/revguard-verify-runtime-bridge.py &&     rm /tmp/revguard-patch-runtime-bridge.py /tmp/revguard-verify-runtime-bridge.py
#8 0.510 RevGuard model and idle-heartbeat policy patched: /opt/copaw-venv/lib/python3.11/site-packages/copaw_worker/bridge.py
#8 0.781 Installed CoPaw bridge fresh/restart worker and manager contracts passed: /opt/copaw-venv/lib/python3.11/site-packages/copaw_worker/bridge.py
#8 DONE 0.8s

#9 exporting to image
#9 exporting layers 0.0s done
#9 writing image sha256:c55b9df6e1daf0b2290ac6190987b383e99ba7eeb8796c222588238b3688e59f done
#9 naming to docker.io/library/revguard-agentteams-manager:luna-20260912 done
#9 DONE 0.1s
