{"timestamp": "2026-09-11T19:20:01.856857Z", "level": "WARNING", "logger": "revguard.api", "message": "REVGUARD_ENABLE_LEGACY_TOOL_API=true：仅允许历史 Evidence Principal 复放只读工具"}
{"timestamp": "2026-09-11T19:20:01.941631Z", "level": "WARNING", "logger": "revguard.api", "message": "录制 WebUI 尚未构建：/app/demo-ui/dist/client"}
test_approval_case_write_failure_rolls_back_every_decision_projection (tests.test_approval_consistency.TestApprovalConsistency.test_approval_case_write_failure_rolls_back_every_decision_projection) ... Executing <Task pending name='Task-2' coro=<TestApprovalConsistency.test_approval_case_write_failure_rolls_back_every_decision_projection() running at /app/tests/test_approval_consistency.py:75> cb=[_run_until_complete_cb() at /usr/local/lib/python3.11/asyncio/base_events.py:181] created at /usr/local/lib/python3.11/asyncio/runners.py:100> took 0.142 seconds
{"timestamp": "2026-09-11T19:20:02.230039Z", "level": "ERROR", "logger": "revguard.api", "message": "http_request_failed", "request_id": "REQ-DEBD3CAC", "method": "POST", "path": "/api/v1/cases/CASE-2026-0008/approval", "duration_ms": 18, "trace_id": "5750e652f7d3f8ae484ae6848f95d659", "span_id": "45993cc49fd5b27e", "error_type": "IntegrityError"}
FAIL
test_state_write_failure_preserves_input_and_durable_audit (tests.test_approval_consistency.TestApprovalConsistency.test_state_write_failure_preserves_input_and_durable_audit) ... FAIL
test_approval_case_write_failure_rolls_back_every_decision_projection (tests.test_approval_consistency_postgres.TestPostgresApprovalConsistency.test_approval_case_write_failure_rolls_back_every_decision_projection) ... {"timestamp": "2026-09-11T19:20:02.543356Z", "level": "ERROR", "logger": "revguard.api", "message": "http_request_failed", "request_id": "REQ-42D91DA2", "method": "POST", "path": "/api/v1/cases/CASE-2026-0008/approval", "duration_ms": 17, "trace_id": "7d84568386e67f657b2cac67661e61fd", "span_id": "97eb430432d98041", "error_type": "RaiseException"}
FAIL
test_state_write_failure_preserves_input_and_durable_audit (tests.test_approval_consistency_postgres.TestPostgresApprovalConsistency.test_state_write_failure_preserves_input_and_durable_audit) ... FAIL

======================================================================
FAIL: test_approval_case_write_failure_rolls_back_every_decision_projection (tests.test_approval_consistency.TestApprovalConsistency.test_approval_case_write_failure_rolls_back_every_decision_projection)
----------------------------------------------------------------------
Traceback (most recent call last):
  File "/usr/local/lib/python3.11/unittest/async_case.py", line 90, in _callTestMethod
    if self._callMaybeAsync(method) is not None:
       ^^^^^^^^^^^^^^^^^^^^^^^^^^^^
  File "/usr/local/lib/python3.11/unittest/async_case.py", line 112, in _callMaybeAsync
    return self._asyncioRunner.run(
           ^^^^^^^^^^^^^^^^^^^^^^^^
  File "/usr/local/lib/python3.11/asyncio/runners.py", line 118, in run
    return self._loop.run_until_complete(task)
           ^^^^^^^^^^^^^^^^^^^^^^^^^^^^^^^^^^^
  File "/usr/local/lib/python3.11/asyncio/base_events.py", line 654, in run_until_complete
    return future.result()
           ^^^^^^^^^^^^^^^
  File "/app/tests/test_approval_consistency.py", line 78, in test_approval_case_write_failure_rolls_back_every_decision_projection
    self.assertEqual(self.snapshot(), before)
AssertionError: {'cas[6804 chars]s': 'APPROVED', 'created_at': '2026-09-11T19:2[9183 chars]: []} != {'cas[6804 chars]s': 'PENDING', 'created_at': '2026-09-11T19:20[6535 chars]: []}
Diff is 33103 characters long. Set self.maxDiff to None to see it.

======================================================================
FAIL: test_state_write_failure_preserves_input_and_durable_audit (tests.test_approval_consistency.TestApprovalConsistency.test_state_write_failure_preserves_input_and_durable_audit)
----------------------------------------------------------------------
Traceback (most recent call last):
  File "/usr/local/lib/python3.11/unittest/async_case.py", line 90, in _callTestMethod
    if self._callMaybeAsync(method) is not None:
       ^^^^^^^^^^^^^^^^^^^^^^^^^^^^
  File "/usr/local/lib/python3.11/unittest/async_case.py", line 117, in _callMaybeAsync
    return self._asyncioTestContext.run(func, *args, **kwargs)
           ^^^^^^^^^^^^^^^^^^^^^^^^^^^^^^^^^^^^^^^^^^^^^^^^^^^
  File "/app/tests/test_approval_consistency.py", line 89, in test_state_write_failure_preserves_input_and_durable_audit
    self.assertEqual(case, before_input)
AssertionError: {'cas[95 chars]s': 'NORMALIZING', 'priority': 'P1', 'partner_[476 chars]03Z'} != {'cas[95 chars]s': 'CREATED', 'priority': 'P1', 'partner_id':[472 chars]17Z'}
Diff is 887 characters long. Set self.maxDiff to None to see it.

======================================================================
FAIL: test_approval_case_write_failure_rolls_back_every_decision_projection (tests.test_approval_consistency_postgres.TestPostgresApprovalConsistency.test_approval_case_write_failure_rolls_back_every_decision_projection)
----------------------------------------------------------------------
Traceback (most recent call last):
  File "/usr/local/lib/python3.11/unittest/async_case.py", line 90, in _callTestMethod
    if self._callMaybeAsync(method) is not None:
       ^^^^^^^^^^^^^^^^^^^^^^^^^^^^
  File "/usr/local/lib/python3.11/unittest/async_case.py", line 112, in _callMaybeAsync
    return self._asyncioRunner.run(
           ^^^^^^^^^^^^^^^^^^^^^^^^
  File "/usr/local/lib/python3.11/asyncio/runners.py", line 118, in run
    return self._loop.run_until_complete(task)
           ^^^^^^^^^^^^^^^^^^^^^^^^^^^^^^^^^^^
  File "/usr/local/lib/python3.11/asyncio/base_events.py", line 654, in run_until_complete
    return future.result()
           ^^^^^^^^^^^^^^^
  File "/app/tests/test_approval_consistency.py", line 78, in test_approval_case_write_failure_rolls_back_every_decision_projection
    self.assertEqual(self.snapshot(), before)
AssertionError: {'cas[6804 chars]s': 'APPROVED', 'created_at': '2026-09-11T19:2[12858 chars]: []} != {'cas[6804 chars]s': 'PENDING', 'created_at': '2026-09-11T19:20[9712 chars]: []}
Diff is 37408 characters long. Set self.maxDiff to None to see it.

======================================================================
FAIL: test_state_write_failure_preserves_input_and_durable_audit (tests.test_approval_consistency_postgres.TestPostgresApprovalConsistency.test_state_write_failure_preserves_input_and_durable_audit)
----------------------------------------------------------------------
Traceback (most recent call last):
  File "/usr/local/lib/python3.11/unittest/async_case.py", line 90, in _callTestMethod
    if self._callMaybeAsync(method) is not None:
       ^^^^^^^^^^^^^^^^^^^^^^^^^^^^
  File "/usr/local/lib/python3.11/unittest/async_case.py", line 117, in _callMaybeAsync
    return self._asyncioTestContext.run(func, *args, **kwargs)
           ^^^^^^^^^^^^^^^^^^^^^^^^^^^^^^^^^^^^^^^^^^^^^^^^^^^
  File "/app/tests/test_approval_consistency.py", line 89, in test_state_write_failure_preserves_input_and_durable_audit
    self.assertEqual(case, before_input)
AssertionError: {'cla[106 chars]s': 'NORMALIZING', 'case_id': 'CASE-2026-0008'[465 chars] 0.0} != {'cla[106 chars]s': 'CREATED', 'case_id': 'CASE-2026-0008', 'e[461 chars] 0.0}
Diff is 886 characters long. Set self.maxDiff to None to see it.

----------------------------------------------------------------------
Ran 4 tests in 0.740s

FAILED (failures=4)
