All checks passed!
{"timestamp": "2026-09-12T03:54:42.659733Z", "level": "WARNING", "logger": "revguard.api", "message": "REVGUARD_ENABLE_LEGACY_TOOL_API=true：仅允许历史 Evidence Principal 复放只读工具"}
{"timestamp": "2026-09-12T03:54:42.766638Z", "level": "WARNING", "logger": "revguard.api", "message": "录制 WebUI 尚未构建：/workspace/demo-ui/dist/client"}
test_approval_handoff_failure_leaves_no_pending_projection (tests.test_coordinator_consistency.TestCoordinatorConsistency.test_approval_handoff_failure_leaves_no_pending_projection) ... ok
test_case_write_failure_rolls_back_all_projections_with_and_without_transition (tests.test_coordinator_consistency.TestCoordinatorConsistency.test_case_write_failure_rolls_back_all_projections_with_and_without_transition) ... ok
test_final_transition_audit_failure_rolls_back_stage_and_caller (tests.test_coordinator_consistency.TestCoordinatorConsistency.test_final_transition_audit_failure_rolls_back_stage_and_caller) ... ok
test_independent_coordinators_commit_one_complete_stage (tests.test_coordinator_consistency.TestCoordinatorConsistency.test_independent_coordinators_commit_one_complete_stage) ... ok
test_old_verifier_result_cannot_replace_completed_recovery (tests.test_coordinator_consistency.TestCoordinatorConsistency.test_old_verifier_result_cannot_replace_completed_recovery) ... Executing <Task pending name='Task-19' coro=<TestCoordinatorConsistency.test_old_verifier_result_cannot_replace_completed_recovery() running at /workspace/tests/test_coordinator_consistency.py:206> wait_for=<Future pending cb=[Task.task_wakeup()] created at /usr/local/lib/python3.11/site-packages/anyio/_backends/_asyncio.py:946> cb=[_run_until_complete_cb() at /usr/local/lib/python3.11/asyncio/base_events.py:181] created at /usr/local/lib/python3.11/asyncio/runners.py:100> took 0.129 seconds
{"timestamp": "2026-09-12T03:54:43.805715Z", "level": "INFO", "logger": "revguard.api", "message": "http_request", "request_id": "REQ-D1425F3F", "method": "POST", "path": "/api/v1/cases/CASE-2026-0008/team/resume", "status_code": 202, "duration_ms": 12, "trace_id": "264dc5cad14e48ab9f8a095bb6bf02ff", "span_id": "96e5801bcb32666f"}
ok
test_stale_revision_and_recording_reject_every_projection_before_writes (tests.test_coordinator_consistency.TestCoordinatorConsistency.test_stale_revision_and_recording_reject_every_projection_before_writes) ... ok
test_verification_transition_failure_keeps_worker_result_without_partial_stage (tests.test_coordinator_consistency.TestCoordinatorConsistency.test_verification_transition_failure_keeps_worker_result_without_partial_stage) ... Executing <Task pending name='Task-28' coro=<TestCoordinatorConsistency.test_verification_transition_failure_keeps_worker_result_without_partial_stage() running at /workspace/tests/test_coordinator_consistency.py:176> wait_for=<Future pending cb=[Task.task_wakeup()] created at /usr/local/lib/python3.11/site-packages/anyio/_backends/_asyncio.py:946> cb=[_run_until_complete_cb() at /usr/local/lib/python3.11/asyncio/base_events.py:181] created at /usr/local/lib/python3.11/asyncio/runners.py:100> took 0.120 seconds
ok
test_approval_handoff_failure_leaves_no_pending_projection (tests.test_coordinator_consistency_postgres.TestPostgresCoordinatorConsistency.test_approval_handoff_failure_leaves_no_pending_projection) ... ok
test_case_write_failure_rolls_back_all_projections_with_and_without_transition (tests.test_coordinator_consistency_postgres.TestPostgresCoordinatorConsistency.test_case_write_failure_rolls_back_all_projections_with_and_without_transition) ... ok
test_final_transition_audit_failure_rolls_back_stage_and_caller (tests.test_coordinator_consistency_postgres.TestPostgresCoordinatorConsistency.test_final_transition_audit_failure_rolls_back_stage_and_caller) ... ok
test_independent_coordinators_commit_one_complete_stage (tests.test_coordinator_consistency_postgres.TestPostgresCoordinatorConsistency.test_independent_coordinators_commit_one_complete_stage) ... ok
test_old_verifier_result_cannot_replace_completed_recovery (tests.test_coordinator_consistency_postgres.TestPostgresCoordinatorConsistency.test_old_verifier_result_cannot_replace_completed_recovery) ... {"timestamp": "2026-09-12T03:54:45.726728Z", "level": "INFO", "logger": "revguard.api", "message": "http_request", "request_id": "REQ-25E1AB2A", "method": "POST", "path": "/api/v1/cases/CASE-2026-0008/team/resume", "status_code": 202, "duration_ms": 19, "trace_id": "6a5e960d8a9e365620dc3ab8220f647e", "span_id": "cb9e57d7776519bb"}
ok
test_stale_revision_and_recording_reject_every_projection_before_writes (tests.test_coordinator_consistency_postgres.TestPostgresCoordinatorConsistency.test_stale_revision_and_recording_reject_every_projection_before_writes) ... ok
test_verification_transition_failure_keeps_worker_result_without_partial_stage (tests.test_coordinator_consistency_postgres.TestPostgresCoordinatorConsistency.test_verification_transition_failure_keeps_worker_result_without_partial_stage) ... ok

----------------------------------------------------------------------
Ran 14 tests in 3.694s

OK
