F401 [*] `.state_machine.transition_case` imported but unused
  --> revguard/api.py:60:49
   |
58 | from .skill_runtime import SKILL_ACTORS, SkillInvocationError, validate_skill_request
59 | from .skills import list_skills
60 | from .state_machine import StaleCaseTransition, transition_case
   |                                                 ^^^^^^^^^^^^^^^
61 | from .store import create_store
62 | from .trace import Tracer
   |
help: Remove unused import: `.state_machine.transition_case`

BLE001 Do not catch blind exception: `Exception`
   --> tests/test_recovery_consistency.py:119:20
    |
117 |                     skill_input=task["input"], actor=task["assigned_actor"], gateway=self.gateway, store=self.store,
118 |                 )
119 |             except Exception as exc:
    |                    ^^^^^^^^^
120 |                 return {"error": type(exc).__name__}
121 |         with patch.object(agent_bridge, "invoke_skill", side_effect=paused), ThreadPoolExecutor(max_workers=1) as pool:
    |

Found 2 errors.
[*] 1 fixable with the `--fix` option.
{"timestamp": "2026-09-11T20:17:46.805734Z", "level": "WARNING", "logger": "revguard.api", "message": "REVGUARD_ENABLE_LEGACY_TOOL_API=true：仅允许历史 Evidence Principal 复放只读工具"}
{"timestamp": "2026-09-11T20:17:46.890815Z", "level": "WARNING", "logger": "revguard.api", "message": "录制 WebUI 尚未构建：/workspace/demo-ui/dist/client"}
test_delayed_claimed_worker_cannot_post_after_human_resume (tests.test_recovery_consistency.TestRecoveryConsistency.test_delayed_claimed_worker_cannot_post_after_human_resume) ... Executing <Task pending name='Task-2' coro=<TestRecoveryConsistency.test_delayed_claimed_worker_cannot_post_after_human_resume() running at /workspace/tests/test_recovery_consistency.py:124> wait_for=<Future pending cb=[_chain_future.<locals>._call_check_cancel() at /usr/local/lib/python3.11/asyncio/futures.py:387, Task.task_wakeup()] created at /usr/local/lib/python3.11/asyncio/base_events.py:428> cb=[_run_until_complete_cb() at /usr/local/lib/python3.11/asyncio/base_events.py:181] created at /usr/local/lib/python3.11/asyncio/runners.py:100> took 0.138 seconds
{"timestamp": "2026-09-11T20:17:47.122135Z", "level": "INFO", "logger": "revguard.api", "message": "http_request", "request_id": "REQ-B927D959", "method": "POST", "path": "/api/v1/cases/CASE-2026-0008/team/resume", "status_code": 202, "duration_ms": 11, "trace_id": "04a27bed9890f32cfc66f60bcb0fb3fa", "span_id": "3573520948f6e102"}
ok
test_failed_resume_keeps_hold_task_capability_and_case_together (tests.test_recovery_consistency.TestRecoveryConsistency.test_failed_resume_keeps_hold_task_capability_and_case_together) ... Executing <Task pending name='Task-7' coro=<TestRecoveryConsistency.test_failed_resume_keeps_hold_task_capability_and_case_together() running at /workspace/tests/test_recovery_consistency.py:71> cb=[_run_until_complete_cb() at /usr/local/lib/python3.11/asyncio/base_events.py:181] created at /usr/local/lib/python3.11/asyncio/runners.py:100> took 0.193 seconds
{"timestamp": "2026-09-11T20:17:47.401503Z", "level": "ERROR", "logger": "revguard.api", "message": "recovery_commit_unconfirmed", "case_id": "CASE-2026-0008", "error_type": "IntegrityError", "trace_id": "e0c3d681e41c8e46532751384ef72e96", "span_id": "7038a8140b7b6106"}
{"timestamp": "2026-09-11T20:17:47.401975Z", "level": "INFO", "logger": "revguard.api", "message": "http_request", "request_id": "REQ-20B75B60", "method": "POST", "path": "/api/v1/cases/CASE-2026-0008/team/resume", "status_code": 503, "duration_ms": 4, "trace_id": "e0c3d681e41c8e46532751384ef72e96", "span_id": "7038a8140b7b6106"}
{"timestamp": "2026-09-11T20:17:47.413007Z", "level": "INFO", "logger": "revguard.api", "message": "http_request", "request_id": "REQ-5866CBA9", "method": "POST", "path": "/api/v1/cases/CASE-2026-0008/team/resume", "status_code": 202, "duration_ms": 6, "trace_id": "35850007298f50aef120518ecabfc045", "span_id": "0d6431a65b0e7fd8"}
ok
test_old_background_error_cannot_freeze_a_new_recovery_generation (tests.test_recovery_consistency.TestRecoveryConsistency.test_old_background_error_cannot_freeze_a_new_recovery_generation) ... Executing <Task pending name='Task-12' coro=<TestRecoveryConsistency.test_old_background_error_cannot_freeze_a_new_recovery_generation() running at /workspace/tests/test_recovery_consistency.py:149> cb=[_run_until_complete_cb() at /usr/local/lib/python3.11/asyncio/base_events.py:181] created at /usr/local/lib/python3.11/asyncio/runners.py:100> took 0.137 seconds
{"timestamp": "2026-09-11T20:17:47.629183Z", "level": "INFO", "logger": "revguard.api", "message": "http_request", "request_id": "REQ-3469E437", "method": "POST", "path": "/api/v1/cases/CASE-2026-0008/team/resume", "status_code": 202, "duration_ms": 6, "trace_id": "4d51a5f090870833778a668e299f520f", "span_id": "6a109a3700942df8"}
{"timestamp": "2026-09-11T20:17:47.630661Z", "level": "ERROR", "logger": "revguard.api", "message": "team_run_failed", "case_id": "CASE-2026-0008", "phase": "EXECUTION", "error_type": "RuntimeError"}
ok
test_resume_fences_old_running_tasks_and_rejects_duplicate_recovery (tests.test_recovery_consistency.TestRecoveryConsistency.test_resume_fences_old_running_tasks_and_rejects_duplicate_recovery) ... Executing <Task pending name='Task-17' coro=<TestRecoveryConsistency.test_resume_fences_old_running_tasks_and_rejects_duplicate_recovery() running at /workspace/tests/test_recovery_consistency.py:86> cb=[_run_until_complete_cb() at /usr/local/lib/python3.11/asyncio/base_events.py:181] created at /usr/local/lib/python3.11/asyncio/runners.py:100> took 0.127 seconds
{"timestamp": "2026-09-11T20:17:47.830555Z", "level": "INFO", "logger": "revguard.api", "message": "http_request", "request_id": "REQ-8CBDC5FB", "method": "POST", "path": "/api/v1/cases/CASE-2026-0008/team/resume", "status_code": 202, "duration_ms": 7, "trace_id": "f90d817ed5400e725518634b5db2aada", "span_id": "fa0e8a5c1bbf6a40"}
{"timestamp": "2026-09-11T20:17:47.833614Z", "level": "INFO", "logger": "revguard.api", "message": "http_request", "request_id": "REQ-2635FD4D", "method": "POST", "path": "/api/v1/cases/CASE-2026-0008/team/resume", "status_code": 409, "duration_ms": 1, "trace_id": "66713f2fa3936b5295f99928c371a3b1", "span_id": "02e1c18cf702a206"}
ok
test_delayed_claimed_worker_cannot_post_after_human_resume (tests.test_recovery_consistency_postgres.TestPostgresRecoveryConsistency.test_delayed_claimed_worker_cannot_post_after_human_resume) ... {"timestamp": "2026-09-11T20:17:48.093632Z", "level": "INFO", "logger": "revguard.api", "message": "http_request", "request_id": "REQ-981DEC6E", "method": "POST", "path": "/api/v1/cases/CASE-2026-0008/team/resume", "status_code": 202, "duration_ms": 20, "trace_id": "7acb4dc1b90290091b2fcafae020f51a", "span_id": "16e7714c2413a0cf"}
ok
test_failed_resume_keeps_hold_task_capability_and_case_together (tests.test_recovery_consistency_postgres.TestPostgresRecoveryConsistency.test_failed_resume_keeps_hold_task_capability_and_case_together) ... {"timestamp": "2026-09-11T20:17:48.299269Z", "level": "ERROR", "logger": "revguard.api", "message": "recovery_commit_unconfirmed", "case_id": "CASE-2026-0008", "error_type": "RaiseException", "trace_id": "3b479bb77c792e9ffc69f6ca1b322967", "span_id": "c5a7e57f69bd1b68"}
{"timestamp": "2026-09-11T20:17:48.299707Z", "level": "INFO", "logger": "revguard.api", "message": "http_request", "request_id": "REQ-252E49B7", "method": "POST", "path": "/api/v1/cases/CASE-2026-0008/team/resume", "status_code": 503, "duration_ms": 16, "trace_id": "3b479bb77c792e9ffc69f6ca1b322967", "span_id": "c5a7e57f69bd1b68"}
{"timestamp": "2026-09-11T20:17:48.324163Z", "level": "INFO", "logger": "revguard.api", "message": "http_request", "request_id": "REQ-5E2E15F9", "method": "POST", "path": "/api/v1/cases/CASE-2026-0008/team/resume", "status_code": 202, "duration_ms": 17, "trace_id": "fc1cafa2fc8751a898d8634c4a3e300d", "span_id": "d4df4cde0a088e42"}
ok
test_old_background_error_cannot_freeze_a_new_recovery_generation (tests.test_recovery_consistency_postgres.TestPostgresRecoveryConsistency.test_old_background_error_cannot_freeze_a_new_recovery_generation) ... {"timestamp": "2026-09-11T20:17:48.530173Z", "level": "INFO", "logger": "revguard.api", "message": "http_request", "request_id": "REQ-8EFA2EEF", "method": "POST", "path": "/api/v1/cases/CASE-2026-0008/team/resume", "status_code": 202, "duration_ms": 19, "trace_id": "c420a7b1c7d8cf9e31fcaff99215a57f", "span_id": "3cb377440c214d29"}
{"timestamp": "2026-09-11T20:17:48.531721Z", "level": "ERROR", "logger": "revguard.api", "message": "team_run_failed", "case_id": "CASE-2026-0008", "phase": "EXECUTION", "error_type": "RuntimeError"}
ok
test_resume_fences_old_running_tasks_and_rejects_duplicate_recovery (tests.test_recovery_consistency_postgres.TestPostgresRecoveryConsistency.test_resume_fences_old_running_tasks_and_rejects_duplicate_recovery) ... {"timestamp": "2026-09-11T20:17:48.729929Z", "level": "INFO", "logger": "revguard.api", "message": "http_request", "request_id": "REQ-E98BC282", "method": "POST", "path": "/api/v1/cases/CASE-2026-0008/team/resume", "status_code": 202, "duration_ms": 18, "trace_id": "d4f2fe6d0229364489986204811151a3", "span_id": "3a1470d13c9e4cee"}
{"timestamp": "2026-09-11T20:17:48.740396Z", "level": "INFO", "logger": "revguard.api", "message": "http_request", "request_id": "REQ-705482EC", "method": "POST", "path": "/api/v1/cases/CASE-2026-0008/team/resume", "status_code": 409, "duration_ms": 8, "trace_id": "d9f255f2f22af6dcd300e5056294458a", "span_id": "d26368c7ac46e28d"}
ok
test_approval_case_write_failure_rolls_back_every_decision_projection (tests.test_approval_consistency.TestApprovalConsistency.test_approval_case_write_failure_rolls_back_every_decision_projection) ... Executing <Task pending name='Task-42' coro=<TestApprovalConsistency.test_approval_case_write_failure_rolls_back_every_decision_projection() running at /workspace/tests/test_approval_consistency.py:80> cb=[_run_until_complete_cb() at /usr/local/lib/python3.11/asyncio/base_events.py:181] created at /usr/local/lib/python3.11/asyncio/runners.py:100> took 0.116 seconds
{"timestamp": "2026-09-11T20:17:48.940504Z", "level": "ERROR", "logger": "revguard.api", "message": "approval_commit_unconfirmed", "case_id": "CASE-2026-0008", "error_type": "IntegrityError", "trace_id": "31ee64bbb4ed3caa9926659d08a3f9c7", "span_id": "691bcc958365b9d1"}
{"timestamp": "2026-09-11T20:17:48.942642Z", "level": "INFO", "logger": "revguard.api", "message": "http_request", "request_id": "REQ-D752E3CB", "method": "POST", "path": "/api/v1/cases/CASE-2026-0008/approval", "status_code": 503, "duration_ms": 8, "trace_id": "31ee64bbb4ed3caa9926659d08a3f9c7", "span_id": "5f55f17645eed0b3"}
{"timestamp": "2026-09-11T20:17:48.955636Z", "level": "INFO", "logger": "revguard.api", "message": "http_request", "request_id": "REQ-A0813BA9", "method": "POST", "path": "/api/v1/cases/CASE-2026-0008/approval", "status_code": 202, "duration_ms": 9, "trace_id": "39b08e760c1ee5ca885c95e767b3b448", "span_id": "dab80077db189701"}
ok
test_committed_approval_lost_reply_is_readable_after_restart_and_recoverable (tests.test_approval_consistency.TestApprovalConsistency.test_committed_approval_lost_reply_is_readable_after_restart_and_recoverable) ... Executing <Task pending name='Task-53' coro=<TestApprovalConsistency.test_committed_approval_lost_reply_is_readable_after_restart_and_recoverable() running at /workspace/tests/test_approval_consistency.py:230> cb=[_run_until_complete_cb() at /usr/local/lib/python3.11/asyncio/base_events.py:181] created at /usr/local/lib/python3.11/asyncio/runners.py:100> took 0.132 seconds
{"timestamp": "2026-09-11T20:17:49.182497Z", "level": "ERROR", "logger": "revguard.api", "message": "approval_commit_unconfirmed", "case_id": "CASE-2026-0008", "error_type": "ConnectionError", "trace_id": "8b649944d4296cf499e9e029a93ee442", "span_id": "818232d4e6b3f77b"}
{"timestamp": "2026-09-11T20:17:49.184784Z", "level": "INFO", "logger": "revguard.api", "message": "http_request", "request_id": "REQ-9DB2F571", "method": "POST", "path": "/api/v1/cases/CASE-2026-0008/approval", "status_code": 503, "duration_ms": 10, "trace_id": "8b649944d4296cf499e9e029a93ee442", "span_id": "0ec379fe19fcb568"}
{"timestamp": "2026-09-11T20:17:49.189299Z", "level": "INFO", "logger": "revguard.api", "message": "http_request", "request_id": "REQ-AB8908AF", "method": "POST", "path": "/api/v1/cases/CASE-2026-0008/team/resume", "status_code": 409, "duration_ms": 1, "trace_id": "b2a54dad7a3399de3779a0fd87601aa2", "span_id": "7e2e27118e9e38df"}
{"timestamp": "2026-09-11T20:17:49.199043Z", "level": "INFO", "logger": "revguard.api", "message": "http_request", "request_id": "REQ-5ECEBB88", "method": "POST", "path": "/api/v1/cases/CASE-2026-0008/team/resume", "status_code": 202, "duration_ms": 5, "trace_id": "8374adb12c11a189bfa52db46f2a7772", "span_id": "7fa210e4041d8cd8"}
ok
test_competing_human_decisions_commit_only_once (tests.test_approval_consistency.TestApprovalConsistency.test_competing_human_decisions_commit_only_once) ... ok
test_execution_start_failure_retains_approved_state_for_human_recovery (tests.test_approval_consistency.TestApprovalConsistency.test_execution_start_failure_retains_approved_state_for_human_recovery) ... Executing <Task pending name='Task-65' coro=<TestApprovalConsistency.test_execution_start_failure_retains_approved_state_for_human_recovery() running at /workspace/tests/test_approval_consistency.py:166> cb=[_run_until_complete_cb() at /usr/local/lib/python3.11/asyncio/base_events.py:181] created at /usr/local/lib/python3.11/asyncio/runners.py:100> took 0.122 seconds
{"timestamp": "2026-09-11T20:17:49.596265Z", "level": "INFO", "logger": "revguard.api", "message": "http_request", "request_id": "REQ-9A38CCA0", "method": "POST", "path": "/api/v1/cases/CASE-2026-0008/approval", "status_code": 202, "duration_ms": 9, "trace_id": "c72e566f2db78fe9b8c5155046696d25", "span_id": "a38b1d43b4b07b13"}
{"timestamp": "2026-09-11T20:17:49.598446Z", "level": "ERROR", "logger": "revguard.api", "message": "team_run_failed", "case_id": "CASE-2026-0008", "phase": "EXECUTION", "error_type": "ConnectionError"}
{"timestamp": "2026-09-11T20:17:49.605539Z", "level": "INFO", "logger": "revguard.api", "message": "http_request", "request_id": "REQ-8A789524", "method": "POST", "path": "/api/v1/cases/CASE-2026-0008/team/resume", "status_code": 202, "duration_ms": 4, "trace_id": "f26cfdb42d7555a0a2183910fb2ad8b9", "span_id": "9566355d00281576"}
ok
test_late_transition_audit_failure_rolls_back_state_and_preserves_input (tests.test_approval_consistency.TestApprovalConsistency.test_late_transition_audit_failure_rolls_back_state_and_preserves_input) ... ok
test_reference_mcp_completion_closes_durable_approval_queue (tests.test_approval_consistency.TestApprovalConsistency.test_reference_mcp_completion_closes_durable_approval_queue) ... Executing <Task pending name='Task-77' coro=<TestApprovalConsistency.test_reference_mcp_completion_closes_durable_approval_queue() running at /workspace/tests/test_approval_consistency.py:188> cb=[_run_until_complete_cb() at /usr/local/lib/python3.11/asyncio/base_events.py:181] created at /usr/local/lib/python3.11/asyncio/runners.py:100> took 0.126 seconds
{"timestamp": "2026-09-11T20:17:50.189088Z", "level": "INFO", "logger": "revguard.api", "message": "http_request", "request_id": "REQ-890D385A", "method": "POST", "path": "/api/v1/cases/CASE-2026-0008/approval", "status_code": 200, "duration_ms": 296, "trace_id": "7e2893fb343b1376f267394d9d1a68cc", "span_id": "df7d4d00953bea20"}
ok
test_rejection_failure_preserves_pending_tasks_and_all_approval_state (tests.test_approval_consistency.TestApprovalConsistency.test_rejection_failure_preserves_pending_tasks_and_all_approval_state) ... Executing <Task pending name='Task-85' coro=<TestApprovalConsistency.test_rejection_failure_preserves_pending_tasks_and_all_approval_state() running at /workspace/tests/test_approval_consistency.py:147> cb=[_run_until_complete_cb() at /usr/local/lib/python3.11/asyncio/base_events.py:181] created at /usr/local/lib/python3.11/asyncio/runners.py:100> took 0.141 seconds
{"timestamp": "2026-09-11T20:17:50.414861Z", "level": "ERROR", "logger": "revguard.api", "message": "approval_commit_unconfirmed", "case_id": "CASE-2026-0008", "error_type": "IntegrityError", "trace_id": "5d8a12a147397b8417f07156847e615c", "span_id": "47b1901300dde80a"}
{"timestamp": "2026-09-11T20:17:50.416990Z", "level": "INFO", "logger": "revguard.api", "message": "http_request", "request_id": "REQ-4FD43177", "method": "POST", "path": "/api/v1/cases/CASE-2026-0008/approval", "status_code": 503, "duration_ms": 8, "trace_id": "5d8a12a147397b8417f07156847e615c", "span_id": "57cdb71a93a380a3"}
{"timestamp": "2026-09-11T20:17:50.431738Z", "level": "INFO", "logger": "revguard.api", "message": "http_request", "request_id": "REQ-F73A9C24", "method": "POST", "path": "/api/v1/cases/CASE-2026-0008/approval", "status_code": 200, "duration_ms": 10, "trace_id": "482dbd91a7b6bd27b18f217614e755f2", "span_id": "668257699c93b30a"}
ok
test_state_generation_rejects_stale_claim_even_after_return_to_same_status (tests.test_approval_consistency.TestApprovalConsistency.test_state_generation_rejects_stale_claim_even_after_return_to_same_status) ... ok
test_state_write_failure_preserves_input_and_durable_audit (tests.test_approval_consistency.TestApprovalConsistency.test_state_write_failure_preserves_input_and_durable_audit) ... ok
test_case_change_between_validation_and_claim_prevents_skill_execution (tests.test_workflow_concurrency.TestWorkflowConcurrency.test_case_change_between_validation_and_claim_prevents_skill_execution) ... ok
test_claim_audit_failure_never_starts_skill_or_leaves_running_task (tests.test_workflow_concurrency.TestWorkflowConcurrency.test_claim_audit_failure_never_starts_skill_or_leaves_running_task) ... ok
test_competing_case_writers_preserve_exactly_one_revision (tests.test_workflow_concurrency.TestWorkflowConcurrency.test_competing_case_writers_preserve_exactly_one_revision) ... ok
test_duplicate_task_insert_cannot_replace_a_committed_result (tests.test_workflow_concurrency.TestWorkflowConcurrency.test_duplicate_task_insert_cannot_replace_a_committed_result) ... ok
test_http_snapshot_conflict_returns_refreshable_409 (tests.test_workflow_concurrency.TestWorkflowConcurrency.test_http_snapshot_conflict_returns_refreshable_409) ... {"timestamp": "2026-09-11T20:17:51.001816Z", "level": "INFO", "logger": "revguard.api", "message": "http_request", "request_id": "REQ-D3AFC485", "method": "POST", "path": "/api/v1/cases/CASE-2026-0008/run", "status_code": 409, "duration_ms": 7, "trace_id": "505ca5fc418675bb7d87cd8b1af79ea1", "span_id": "46b5c9c217d7963c"}
ok
test_independent_workers_cannot_claim_same_task_twice (tests.test_workflow_concurrency.TestWorkflowConcurrency.test_independent_workers_cannot_claim_same_task_twice) ... ok
test_late_usage_metadata_cannot_erase_a_concurrent_worker_result (tests.test_workflow_concurrency.TestWorkflowConcurrency.test_late_usage_metadata_cannot_erase_a_concurrent_worker_result) ... ok
test_metadata_patch_preserves_result_and_rejects_execution_fields (tests.test_workflow_concurrency.TestWorkflowConcurrency.test_metadata_patch_preserves_result_and_rejects_execution_fields) ... ok
test_old_attempt_cannot_complete_a_new_running_attempt (tests.test_workflow_concurrency.TestWorkflowConcurrency.test_old_attempt_cannot_complete_a_new_running_attempt) ... ok
test_result_audit_failure_rolls_back_result_and_allows_same_attempt_completion (tests.test_workflow_concurrency.TestWorkflowConcurrency.test_result_audit_failure_rolls_back_result_and_allows_same_attempt_completion) ... ok
test_stale_matrix_progress_cannot_reopen_advanced_case (tests.test_workflow_concurrency.TestWorkflowConcurrency.test_stale_matrix_progress_cannot_reopen_advanced_case) ... ok
test_stale_ordinary_case_write_cannot_erase_new_business_fields (tests.test_workflow_concurrency.TestWorkflowConcurrency.test_stale_ordinary_case_write_cannot_erase_new_business_fields) ... ok
test_unknown_task_result_stops_matrix_nudges_immediately (tests.test_workflow_concurrency.TestWorkflowConcurrency.test_unknown_task_result_stops_matrix_nudges_immediately) ... ok

----------------------------------------------------------------------
Ran 30 tests in 4.735s

OK
