generated /workspace/docs/openapi.json
All checks passed!
{"timestamp": "2026-09-11T20:22:15.763330Z", "level": "WARNING", "logger": "revguard.api", "message": "REVGUARD_ENABLE_LEGACY_TOOL_API=true：仅允许历史 Evidence Principal 复放只读工具"}
{"timestamp": "2026-09-11T20:22:15.848196Z", "level": "WARNING", "logger": "revguard.api", "message": "录制 WebUI 尚未构建：/workspace/demo-ui/dist/client"}
test_competing_recovery_transactions_commit_only_one_generation (tests.test_recovery_consistency.TestRecoveryConsistency.test_competing_recovery_transactions_commit_only_one_generation) ... ok
test_delayed_claimed_worker_cannot_post_after_human_resume (tests.test_recovery_consistency.TestRecoveryConsistency.test_delayed_claimed_worker_cannot_post_after_human_resume) ... Executing <Task pending name='Task-6' coro=<TestRecoveryConsistency.test_delayed_claimed_worker_cannot_post_after_human_resume() running at /workspace/tests/test_recovery_consistency.py:133> wait_for=<Future pending cb=[_chain_future.<locals>._call_check_cancel() at /usr/local/lib/python3.11/asyncio/futures.py:387, Task.task_wakeup()] created at /usr/local/lib/python3.11/asyncio/base_events.py:428> cb=[_run_until_complete_cb() at /usr/local/lib/python3.11/asyncio/base_events.py:181] created at /usr/local/lib/python3.11/asyncio/runners.py:100> took 0.136 seconds
{"timestamp": "2026-09-11T20:22:16.397884Z", "level": "INFO", "logger": "revguard.api", "message": "http_request", "request_id": "REQ-D45BB540", "method": "POST", "path": "/api/v1/cases/CASE-2026-0008/team/resume", "status_code": 202, "duration_ms": 9, "trace_id": "5cf50851a5d7e26c5b8e9e665e9991b2", "span_id": "7cf2995ef0cb5a51"}
ok
test_dispatch_failure_remains_immediately_recoverable (tests.test_recovery_consistency.TestRecoveryConsistency.test_dispatch_failure_remains_immediately_recoverable) ... Executing <Task pending name='Task-11' coro=<TestRecoveryConsistency.test_dispatch_failure_remains_immediately_recoverable() running at /workspace/tests/test_recovery_consistency.py:183> cb=[_run_until_complete_cb() at /usr/local/lib/python3.11/asyncio/base_events.py:181] created at /usr/local/lib/python3.11/asyncio/runners.py:100> took 0.144 seconds
{"timestamp": "2026-09-11T20:22:16.633022Z", "level": "INFO", "logger": "revguard.api", "message": "http_request", "request_id": "REQ-4DB11744", "method": "POST", "path": "/api/v1/cases/CASE-2026-0008/team/resume", "status_code": 503, "duration_ms": 8, "trace_id": "35117fdb9fbfecb91728e25eb141fbc5", "span_id": "78ee67118ab3f561"}
{"timestamp": "2026-09-11T20:22:16.641156Z", "level": "INFO", "logger": "revguard.api", "message": "http_request", "request_id": "REQ-FE4CFD75", "method": "POST", "path": "/api/v1/cases/CASE-2026-0008/team/resume", "status_code": 202, "duration_ms": 5, "trace_id": "c5399ce33abbf06a1356e9fee011a071", "span_id": "0b0992477c501445"}
ok
test_failed_resume_keeps_hold_task_capability_and_case_together (tests.test_recovery_consistency.TestRecoveryConsistency.test_failed_resume_keeps_hold_task_capability_and_case_together) ... Executing <Task pending name='Task-16' coro=<TestRecoveryConsistency.test_failed_resume_keeps_hold_task_capability_and_case_together() running at /workspace/tests/test_recovery_consistency.py:80> cb=[_run_until_complete_cb() at /usr/local/lib/python3.11/asyncio/base_events.py:181] created at /usr/local/lib/python3.11/asyncio/runners.py:100> took 0.170 seconds
{"timestamp": "2026-09-11T20:22:16.887004Z", "level": "ERROR", "logger": "revguard.api", "message": "recovery_commit_unconfirmed", "case_id": "CASE-2026-0008", "error_type": "IntegrityError", "trace_id": "6939875806831c63c3f379c9b460b0e4", "span_id": "5e1fa91a6dad01ae"}
{"timestamp": "2026-09-11T20:22:16.887389Z", "level": "INFO", "logger": "revguard.api", "message": "http_request", "request_id": "REQ-54121954", "method": "POST", "path": "/api/v1/cases/CASE-2026-0008/team/resume", "status_code": 503, "duration_ms": 4, "trace_id": "6939875806831c63c3f379c9b460b0e4", "span_id": "5e1fa91a6dad01ae"}
{"timestamp": "2026-09-11T20:22:16.898353Z", "level": "INFO", "logger": "revguard.api", "message": "http_request", "request_id": "REQ-E5850726", "method": "POST", "path": "/api/v1/cases/CASE-2026-0008/team/resume", "status_code": 202, "duration_ms": 6, "trace_id": "f522c67ec7fe50f6e682417ce4aecf3d", "span_id": "f4399c85e73cdd03"}
ok
test_final_recovery_audit_failure_rolls_back_every_write (tests.test_recovery_consistency.TestRecoveryConsistency.test_final_recovery_audit_failure_rolls_back_every_write) ... Executing <Task pending name='Task-21' coro=<TestRecoveryConsistency.test_final_recovery_audit_failure_rolls_back_every_write() running at /workspace/tests/test_recovery_consistency.py:174> cb=[_run_until_complete_cb() at /usr/local/lib/python3.11/asyncio/base_events.py:181] created at /usr/local/lib/python3.11/asyncio/runners.py:100> took 0.140 seconds
{"timestamp": "2026-09-11T20:22:17.115005Z", "level": "ERROR", "logger": "revguard.api", "message": "recovery_commit_unconfirmed", "case_id": "CASE-2026-0008", "error_type": "RuntimeError", "trace_id": "4017933346926aef24a91e36cead0ef3", "span_id": "fa2d8d83730c71d1"}
{"timestamp": "2026-09-11T20:22:17.115373Z", "level": "INFO", "logger": "revguard.api", "message": "http_request", "request_id": "REQ-231E6AC3", "method": "POST", "path": "/api/v1/cases/CASE-2026-0008/team/resume", "status_code": 503, "duration_ms": 3, "trace_id": "4017933346926aef24a91e36cead0ef3", "span_id": "fa2d8d83730c71d1"}
ok
test_independent_recovery_between_intent_and_effect_blocks_old_worker (tests.test_recovery_consistency.TestRecoveryConsistency.test_independent_recovery_between_intent_and_effect_blocks_old_worker) ... ok
test_old_background_error_cannot_freeze_a_new_recovery_generation (tests.test_recovery_consistency.TestRecoveryConsistency.test_old_background_error_cannot_freeze_a_new_recovery_generation) ... Executing <Task pending name='Task-30' coro=<TestRecoveryConsistency.test_old_background_error_cannot_freeze_a_new_recovery_generation() running at /workspace/tests/test_recovery_consistency.py:158> cb=[_run_until_complete_cb() at /usr/local/lib/python3.11/asyncio/base_events.py:181] created at /usr/local/lib/python3.11/asyncio/runners.py:100> took 0.134 seconds
{"timestamp": "2026-09-11T20:22:17.554420Z", "level": "INFO", "logger": "revguard.api", "message": "http_request", "request_id": "REQ-569C2DB3", "method": "POST", "path": "/api/v1/cases/CASE-2026-0008/team/resume", "status_code": 202, "duration_ms": 7, "trace_id": "c259712dacdba26d23acfc5606d61105", "span_id": "857c28eb51471e4d"}
{"timestamp": "2026-09-11T20:22:17.555949Z", "level": "ERROR", "logger": "revguard.api", "message": "team_run_failed", "case_id": "CASE-2026-0008", "phase": "EXECUTION", "error_type": "RuntimeError"}
ok
test_real_mcp_closure_after_fencing_leaves_no_running_task (tests.test_recovery_consistency.TestRecoveryConsistency.test_real_mcp_closure_after_fencing_leaves_no_running_task) ... Executing <Task pending name='Task-35' coro=<TestRecoveryConsistency.test_real_mcp_closure_after_fencing_leaves_no_running_task() running at /workspace/tests/test_recovery_consistency.py:245> cb=[_run_until_complete_cb() at /usr/local/lib/python3.11/asyncio/base_events.py:181] created at /usr/local/lib/python3.11/asyncio/runners.py:100> took 0.136 seconds
{"timestamp": "2026-09-11T20:22:17.770201Z", "level": "INFO", "logger": "revguard.api", "message": "http_request", "request_id": "REQ-B2DB763B", "method": "POST", "path": "/api/v1/cases/CASE-2026-0008/team/resume", "status_code": 202, "duration_ms": 6, "trace_id": "383ea3dbe6213e1901b46a700c467bde", "span_id": "90734718f5c5ba2f"}
ok
test_resume_fences_old_running_tasks_and_rejects_duplicate_recovery (tests.test_recovery_consistency.TestRecoveryConsistency.test_resume_fences_old_running_tasks_and_rejects_duplicate_recovery) ... Executing <Task pending name='Task-40' coro=<TestRecoveryConsistency.test_resume_fences_old_running_tasks_and_rejects_duplicate_recovery() running at /workspace/tests/test_recovery_consistency.py:95> cb=[_run_until_complete_cb() at /usr/local/lib/python3.11/asyncio/base_events.py:181] created at /usr/local/lib/python3.11/asyncio/runners.py:100> took 0.162 seconds
{"timestamp": "2026-09-11T20:22:18.246585Z", "level": "INFO", "logger": "revguard.api", "message": "http_request", "request_id": "REQ-52FDBFD2", "method": "POST", "path": "/api/v1/cases/CASE-2026-0008/team/resume", "status_code": 202, "duration_ms": 6, "trace_id": "10dcb5eab839fa5e243f8c62959d39f6", "span_id": "a533cba4aaa2797a"}
{"timestamp": "2026-09-11T20:22:18.249706Z", "level": "INFO", "logger": "revguard.api", "message": "http_request", "request_id": "REQ-7EE127C5", "method": "POST", "path": "/api/v1/cases/CASE-2026-0008/team/resume", "status_code": 409, "duration_ms": 1, "trace_id": "a970408bf926c597b016dd6ef5fe7bf8", "span_id": "beb948bd1e74e8ed"}
ok
test_second_rollback_renewal_failure_preserves_all_original_tokens (tests.test_recovery_consistency.TestRecoveryConsistency.test_second_rollback_renewal_failure_preserves_all_original_tokens) ... Executing <Task pending name='Task-45' coro=<TestRecoveryConsistency.test_second_rollback_renewal_failure_preserves_all_original_tokens() running at /workspace/tests/test_recovery_consistency.py:224> cb=[_run_until_complete_cb() at /usr/local/lib/python3.11/asyncio/base_events.py:181] created at /usr/local/lib/python3.11/asyncio/runners.py:100> took 0.174 seconds
{"timestamp": "2026-09-11T20:22:18.502250Z", "level": "INFO", "logger": "revguard.api", "message": "http_request", "request_id": "REQ-CA5C8E31", "method": "POST", "path": "/api/v1/cases/CASE-2026-0008/team/resume", "status_code": 409, "duration_ms": 3, "trace_id": "c75abb4d75d33a2c74bc3dfb2be39059", "span_id": "0f09854fdc769873"}
{"timestamp": "2026-09-11T20:22:18.510778Z", "level": "INFO", "logger": "revguard.api", "message": "http_request", "request_id": "REQ-51296D87", "method": "POST", "path": "/api/v1/cases/CASE-2026-0008/team/resume", "status_code": 202, "duration_ms": 6, "trace_id": "638999f9bb481be27cde6aa7dc545f02", "span_id": "d2cc6b3fbd4e0b5a"}
ok
test_competing_recovery_transactions_commit_only_one_generation (tests.test_recovery_consistency_postgres.TestPostgresRecoveryConsistency.test_competing_recovery_transactions_commit_only_one_generation) ... ok
test_delayed_claimed_worker_cannot_post_after_human_resume (tests.test_recovery_consistency_postgres.TestPostgresRecoveryConsistency.test_delayed_claimed_worker_cannot_post_after_human_resume) ... {"timestamp": "2026-09-11T20:22:18.987179Z", "level": "INFO", "logger": "revguard.api", "message": "http_request", "request_id": "REQ-78170BEE", "method": "POST", "path": "/api/v1/cases/CASE-2026-0008/team/resume", "status_code": 202, "duration_ms": 18, "trace_id": "ea1779e7e55967e872f344807f298c7e", "span_id": "023156e4245ffc2d"}
ok
test_dispatch_failure_remains_immediately_recoverable (tests.test_recovery_consistency_postgres.TestPostgresRecoveryConsistency.test_dispatch_failure_remains_immediately_recoverable) ... {"timestamp": "2026-09-11T20:22:19.195372Z", "level": "INFO", "logger": "revguard.api", "message": "http_request", "request_id": "REQ-4EA90A4A", "method": "POST", "path": "/api/v1/cases/CASE-2026-0008/team/resume", "status_code": 503, "duration_ms": 21, "trace_id": "e0cc78a719ffa78309a1d03fcb225b74", "span_id": "1c6235c3c69f9c87"}
{"timestamp": "2026-09-11T20:22:19.216160Z", "level": "INFO", "logger": "revguard.api", "message": "http_request", "request_id": "REQ-C88901B6", "method": "POST", "path": "/api/v1/cases/CASE-2026-0008/team/resume", "status_code": 202, "duration_ms": 17, "trace_id": "36ef10d862f578787b87067a0ae2e6ed", "span_id": "788a1c2fd5f68241"}
ok
test_failed_resume_keeps_hold_task_capability_and_case_together (tests.test_recovery_consistency_postgres.TestPostgresRecoveryConsistency.test_failed_resume_keeps_hold_task_capability_and_case_together) ... {"timestamp": "2026-09-11T20:22:19.430558Z", "level": "ERROR", "logger": "revguard.api", "message": "recovery_commit_unconfirmed", "case_id": "CASE-2026-0008", "error_type": "RaiseException", "trace_id": "8cdf45dcb3ff6e9fbf0b030dcb7347ab", "span_id": "9b07165080cfcd2e"}
{"timestamp": "2026-09-11T20:22:19.431205Z", "level": "INFO", "logger": "revguard.api", "message": "http_request", "request_id": "REQ-E8435C7B", "method": "POST", "path": "/api/v1/cases/CASE-2026-0008/team/resume", "status_code": 503, "duration_ms": 18, "trace_id": "8cdf45dcb3ff6e9fbf0b030dcb7347ab", "span_id": "9b07165080cfcd2e"}
{"timestamp": "2026-09-11T20:22:19.456188Z", "level": "INFO", "logger": "revguard.api", "message": "http_request", "request_id": "REQ-B560A14E", "method": "POST", "path": "/api/v1/cases/CASE-2026-0008/team/resume", "status_code": 202, "duration_ms": 18, "trace_id": "53749d470794f28fd840a77aa63df0b9", "span_id": "de43d9818d5240e7"}
ok
test_final_recovery_audit_failure_rolls_back_every_write (tests.test_recovery_consistency_postgres.TestPostgresRecoveryConsistency.test_final_recovery_audit_failure_rolls_back_every_write) ... {"timestamp": "2026-09-11T20:22:19.651412Z", "level": "ERROR", "logger": "revguard.api", "message": "recovery_commit_unconfirmed", "case_id": "CASE-2026-0008", "error_type": "RuntimeError", "trace_id": "c8f33589b5ae2995a1adc4cfddfa7227", "span_id": "e5c7eed7c2917af5"}
{"timestamp": "2026-09-11T20:22:19.651852Z", "level": "INFO", "logger": "revguard.api", "message": "http_request", "request_id": "REQ-BB679A6A", "method": "POST", "path": "/api/v1/cases/CASE-2026-0008/team/resume", "status_code": 503, "duration_ms": 17, "trace_id": "c8f33589b5ae2995a1adc4cfddfa7227", "span_id": "e5c7eed7c2917af5"}
ok
test_independent_recovery_between_intent_and_effect_blocks_old_worker (tests.test_recovery_consistency_postgres.TestPostgresRecoveryConsistency.test_independent_recovery_between_intent_and_effect_blocks_old_worker) ... ok
test_old_background_error_cannot_freeze_a_new_recovery_generation (tests.test_recovery_consistency_postgres.TestPostgresRecoveryConsistency.test_old_background_error_cannot_freeze_a_new_recovery_generation) ... {"timestamp": "2026-09-11T20:22:20.090829Z", "level": "INFO", "logger": "revguard.api", "message": "http_request", "request_id": "REQ-D942C553", "method": "POST", "path": "/api/v1/cases/CASE-2026-0008/team/resume", "status_code": 202, "duration_ms": 18, "trace_id": "cae5a96344a05731f46f91b189eb0971", "span_id": "c961d699223e1c5d"}
{"timestamp": "2026-09-11T20:22:20.092311Z", "level": "ERROR", "logger": "revguard.api", "message": "team_run_failed", "case_id": "CASE-2026-0008", "phase": "EXECUTION", "error_type": "RuntimeError"}
ok
test_real_mcp_closure_after_fencing_leaves_no_running_task (tests.test_recovery_consistency_postgres.TestPostgresRecoveryConsistency.test_real_mcp_closure_after_fencing_leaves_no_running_task) ... {"timestamp": "2026-09-11T20:22:20.292864Z", "level": "INFO", "logger": "revguard.api", "message": "http_request", "request_id": "REQ-BB88630F", "method": "POST", "path": "/api/v1/cases/CASE-2026-0008/team/resume", "status_code": 202, "duration_ms": 19, "trace_id": "33bab8712244aaed73a389ff86568749", "span_id": "69b6eb689cbfc72d"}
ok
test_resume_fences_old_running_tasks_and_rejects_duplicate_recovery (tests.test_recovery_consistency_postgres.TestPostgresRecoveryConsistency.test_resume_fences_old_running_tasks_and_rejects_duplicate_recovery) ... {"timestamp": "2026-09-11T20:22:20.702494Z", "level": "INFO", "logger": "revguard.api", "message": "http_request", "request_id": "REQ-D52119EB", "method": "POST", "path": "/api/v1/cases/CASE-2026-0008/team/resume", "status_code": 202, "duration_ms": 17, "trace_id": "6d872366d1005bfa26720e6dd3f02dcc", "span_id": "27cc0938fa754b33"}
{"timestamp": "2026-09-11T20:22:20.714762Z", "level": "INFO", "logger": "revguard.api", "message": "http_request", "request_id": "REQ-CD532074", "method": "POST", "path": "/api/v1/cases/CASE-2026-0008/team/resume", "status_code": 409, "duration_ms": 9, "trace_id": "23e652398d0ccddf05927f18569a83f4", "span_id": "5b60f08ab926c8eb"}
ok
test_second_rollback_renewal_failure_preserves_all_original_tokens (tests.test_recovery_consistency_postgres.TestPostgresRecoveryConsistency.test_second_rollback_renewal_failure_preserves_all_original_tokens) ... {"timestamp": "2026-09-11T20:22:20.934881Z", "level": "INFO", "logger": "revguard.api", "message": "http_request", "request_id": "REQ-A76B92F6", "method": "POST", "path": "/api/v1/cases/CASE-2026-0008/team/resume", "status_code": 409, "duration_ms": 16, "trace_id": "b8a85aa6c2ac962cb0d73c2aebac73cb", "span_id": "935bdc04264c20e9"}
{"timestamp": "2026-09-11T20:22:20.962198Z", "level": "INFO", "logger": "revguard.api", "message": "http_request", "request_id": "REQ-EBEC442A", "method": "POST", "path": "/api/v1/cases/CASE-2026-0008/team/resume", "status_code": 202, "duration_ms": 20, "trace_id": "a05cc79968253c307bfd31ab5a808bd1", "span_id": "069be59fc59d0149"}
ok

----------------------------------------------------------------------
Ran 20 tests in 5.129s

OK
