generated /workspace/docs/skills.md (16 skills)
generated /workspace/docs/openapi.json
All checks passed!
{"timestamp": "2026-09-11T20:32:45.185362Z", "level": "WARNING", "logger": "revguard.api", "message": "REVGUARD_ENABLE_LEGACY_TOOL_API=true：仅允许历史 Evidence Principal 复放只读工具"}
{"timestamp": "2026-09-11T20:32:45.270235Z", "level": "WARNING", "logger": "revguard.api", "message": "录制 WebUI 尚未构建：/workspace/demo-ui/dist/client"}
test_committed_money_recovery_checks_read_only_permission_without_new_quota (tests.test_recovery_consistency.TestRecoveryConsistency.test_committed_money_recovery_checks_read_only_permission_without_new_quota) ... Executing <Task pending name='Task-2' coro=<TestRecoveryConsistency.test_committed_money_recovery_checks_read_only_permission_without_new_quota() running at /workspace/tests/test_recovery_consistency.py:268> wait_for=<Future pending cb=[Task.task_wakeup()] created at /usr/local/lib/python3.11/site-packages/anyio/_backends/_asyncio.py:946> cb=[_run_until_complete_cb() at /usr/local/lib/python3.11/asyncio/base_events.py:181] created at /usr/local/lib/python3.11/asyncio/runners.py:100> took 0.402 seconds
Executing <Task pending name='Task-2' coro=<TestRecoveryConsistency.test_committed_money_recovery_checks_read_only_permission_without_new_quota() running at /workspace/tests/test_recovery_consistency.py:268> cb=[_run_until_complete_cb() at /usr/local/lib/python3.11/asyncio/base_events.py:181] created at /usr/local/lib/python3.11/asyncio/runners.py:100> took 0.101 seconds
{"timestamp": "2026-09-11T20:32:46.020550Z", "level": "INFO", "logger": "revguard.api", "message": "http_request", "request_id": "REQ-D188176D", "method": "POST", "path": "/api/v1/cases/CASE-2026-0008/team/resume", "status_code": 202, "duration_ms": 13, "trace_id": "b2f7b5c0896d5a585f3f68dfa24721eb", "span_id": "a335ac062d4e21e7"}
ok
test_competing_recovery_transactions_commit_only_one_generation (tests.test_recovery_consistency.TestRecoveryConsistency.test_competing_recovery_transactions_commit_only_one_generation) ... ok
test_delayed_claimed_worker_cannot_post_after_human_resume (tests.test_recovery_consistency.TestRecoveryConsistency.test_delayed_claimed_worker_cannot_post_after_human_resume) ... Executing <Task pending name='Task-11' coro=<TestRecoveryConsistency.test_delayed_claimed_worker_cannot_post_after_human_resume() running at /workspace/tests/test_recovery_consistency.py:133> wait_for=<Future pending cb=[_chain_future.<locals>._call_check_cancel() at /usr/local/lib/python3.11/asyncio/futures.py:387, Task.task_wakeup()] created at /usr/local/lib/python3.11/asyncio/base_events.py:428> cb=[_run_until_complete_cb() at /usr/local/lib/python3.11/asyncio/base_events.py:181] created at /usr/local/lib/python3.11/asyncio/runners.py:100> took 0.134 seconds
{"timestamp": "2026-09-11T20:32:46.619832Z", "level": "INFO", "logger": "revguard.api", "message": "http_request", "request_id": "REQ-6FFD6D33", "method": "POST", "path": "/api/v1/cases/CASE-2026-0008/team/resume", "status_code": 202, "duration_ms": 6, "trace_id": "8b9b5d77cfc847dd971d9b3dfb51a201", "span_id": "c1e2a1c6b68bfdee"}
ok
test_dispatch_failure_remains_immediately_recoverable (tests.test_recovery_consistency.TestRecoveryConsistency.test_dispatch_failure_remains_immediately_recoverable) ... Executing <Task pending name='Task-16' coro=<TestRecoveryConsistency.test_dispatch_failure_remains_immediately_recoverable() running at /workspace/tests/test_recovery_consistency.py:183> cb=[_run_until_complete_cb() at /usr/local/lib/python3.11/asyncio/base_events.py:181] created at /usr/local/lib/python3.11/asyncio/runners.py:100> took 0.143 seconds
{"timestamp": "2026-09-11T20:32:46.868054Z", "level": "INFO", "logger": "revguard.api", "message": "http_request", "request_id": "REQ-D2474519", "method": "POST", "path": "/api/v1/cases/CASE-2026-0008/team/resume", "status_code": 503, "duration_ms": 8, "trace_id": "22ab246eae0c5c5533d33e162a54b0bf", "span_id": "17a8586356122108"}
{"timestamp": "2026-09-11T20:32:46.876023Z", "level": "INFO", "logger": "revguard.api", "message": "http_request", "request_id": "REQ-47C9F080", "method": "POST", "path": "/api/v1/cases/CASE-2026-0008/team/resume", "status_code": 202, "duration_ms": 5, "trace_id": "c65b1543cccf5c743cc91a602b7feeb6", "span_id": "bb3b27622a2f43b8"}
ok
test_failed_resume_keeps_hold_task_capability_and_case_together (tests.test_recovery_consistency.TestRecoveryConsistency.test_failed_resume_keeps_hold_task_capability_and_case_together) ... Executing <Task pending name='Task-21' coro=<TestRecoveryConsistency.test_failed_resume_keeps_hold_task_capability_and_case_together() running at /workspace/tests/test_recovery_consistency.py:80> cb=[_run_until_complete_cb() at /usr/local/lib/python3.11/asyncio/base_events.py:181] created at /usr/local/lib/python3.11/asyncio/runners.py:100> took 0.154 seconds
{"timestamp": "2026-09-11T20:32:47.107218Z", "level": "ERROR", "logger": "revguard.api", "message": "recovery_commit_unconfirmed", "case_id": "CASE-2026-0008", "error_type": "IntegrityError", "trace_id": "91be2da263f2c9eff6a3055d210f9c27", "span_id": "e8b0a7ea027e6a3c"}
{"timestamp": "2026-09-11T20:32:47.107597Z", "level": "INFO", "logger": "revguard.api", "message": "http_request", "request_id": "REQ-2844EC16", "method": "POST", "path": "/api/v1/cases/CASE-2026-0008/team/resume", "status_code": 503, "duration_ms": 3, "trace_id": "91be2da263f2c9eff6a3055d210f9c27", "span_id": "e8b0a7ea027e6a3c"}
{"timestamp": "2026-09-11T20:32:47.118256Z", "level": "INFO", "logger": "revguard.api", "message": "http_request", "request_id": "REQ-5465603F", "method": "POST", "path": "/api/v1/cases/CASE-2026-0008/team/resume", "status_code": 202, "duration_ms": 6, "trace_id": "1d982553156cb7cf5fe721b1a5ad5d6c", "span_id": "829911c4d73f372d"}
ok
test_final_recovery_audit_failure_rolls_back_every_write (tests.test_recovery_consistency.TestRecoveryConsistency.test_final_recovery_audit_failure_rolls_back_every_write) ... Executing <Task pending name='Task-26' coro=<TestRecoveryConsistency.test_final_recovery_audit_failure_rolls_back_every_write() running at /workspace/tests/test_recovery_consistency.py:174> cb=[_run_until_complete_cb() at /usr/local/lib/python3.11/asyncio/base_events.py:181] created at /usr/local/lib/python3.11/asyncio/runners.py:100> took 0.150 seconds
{"timestamp": "2026-09-11T20:32:47.344023Z", "level": "ERROR", "logger": "revguard.api", "message": "recovery_commit_unconfirmed", "case_id": "CASE-2026-0008", "error_type": "RuntimeError", "trace_id": "2a98ca18f5f6fb0c2ca8a40d931ca52f", "span_id": "a73b125ad0700dc6"}
{"timestamp": "2026-09-11T20:32:47.344500Z", "level": "INFO", "logger": "revguard.api", "message": "http_request", "request_id": "REQ-63D8D4D9", "method": "POST", "path": "/api/v1/cases/CASE-2026-0008/team/resume", "status_code": 503, "duration_ms": 4, "trace_id": "2a98ca18f5f6fb0c2ca8a40d931ca52f", "span_id": "a73b125ad0700dc6"}
ok
test_independent_recovery_between_intent_and_effect_blocks_old_worker (tests.test_recovery_consistency.TestRecoveryConsistency.test_independent_recovery_between_intent_and_effect_blocks_old_worker) ... ok
test_old_background_error_cannot_freeze_a_new_recovery_generation (tests.test_recovery_consistency.TestRecoveryConsistency.test_old_background_error_cannot_freeze_a_new_recovery_generation) ... Executing <Task pending name='Task-35' coro=<TestRecoveryConsistency.test_old_background_error_cannot_freeze_a_new_recovery_generation() running at /workspace/tests/test_recovery_consistency.py:158> cb=[_run_until_complete_cb() at /usr/local/lib/python3.11/asyncio/base_events.py:181] created at /usr/local/lib/python3.11/asyncio/runners.py:100> took 0.141 seconds
{"timestamp": "2026-09-11T20:32:47.799777Z", "level": "INFO", "logger": "revguard.api", "message": "http_request", "request_id": "REQ-29051C40", "method": "POST", "path": "/api/v1/cases/CASE-2026-0008/team/resume", "status_code": 202, "duration_ms": 6, "trace_id": "3809cba7d3d4730c154f19eeed70030f", "span_id": "c666d40999fb489a"}
{"timestamp": "2026-09-11T20:32:47.801233Z", "level": "ERROR", "logger": "revguard.api", "message": "team_run_failed", "case_id": "CASE-2026-0008", "phase": "EXECUTION", "error_type": "RuntimeError"}
ok
test_read_only_permission_rejects_uncommitted_money (tests.test_recovery_consistency.TestRecoveryConsistency.test_read_only_permission_rejects_uncommitted_money) ... ok
test_real_mcp_closure_after_fencing_leaves_no_running_task (tests.test_recovery_consistency.TestRecoveryConsistency.test_real_mcp_closure_after_fencing_leaves_no_running_task) ... Executing <Task pending name='Task-44' coro=<TestRecoveryConsistency.test_real_mcp_closure_after_fencing_leaves_no_running_task() running at /workspace/tests/test_recovery_consistency.py:245> cb=[_run_until_complete_cb() at /usr/local/lib/python3.11/asyncio/base_events.py:181] created at /usr/local/lib/python3.11/asyncio/runners.py:100> took 0.147 seconds
{"timestamp": "2026-09-11T20:32:48.262800Z", "level": "INFO", "logger": "revguard.api", "message": "http_request", "request_id": "REQ-D2D20426", "method": "POST", "path": "/api/v1/cases/CASE-2026-0008/team/resume", "status_code": 202, "duration_ms": 6, "trace_id": "0657dd1183c783ef6d8ec740334f8690", "span_id": "6c3ca447989ad2af"}
ok
test_resume_fences_old_running_tasks_and_rejects_duplicate_recovery (tests.test_recovery_consistency.TestRecoveryConsistency.test_resume_fences_old_running_tasks_and_rejects_duplicate_recovery) ... Executing <Task pending name='Task-49' coro=<TestRecoveryConsistency.test_resume_fences_old_running_tasks_and_rejects_duplicate_recovery() running at /workspace/tests/test_recovery_consistency.py:95> cb=[_run_until_complete_cb() at /usr/local/lib/python3.11/asyncio/base_events.py:181] created at /usr/local/lib/python3.11/asyncio/runners.py:100> took 0.137 seconds
{"timestamp": "2026-09-11T20:32:48.701891Z", "level": "INFO", "logger": "revguard.api", "message": "http_request", "request_id": "REQ-2A20B8EB", "method": "POST", "path": "/api/v1/cases/CASE-2026-0008/team/resume", "status_code": 202, "duration_ms": 7, "trace_id": "d65703d2f613ba20398ba5253310c37e", "span_id": "41d4bf32f34688d7"}
{"timestamp": "2026-09-11T20:32:48.705015Z", "level": "INFO", "logger": "revguard.api", "message": "http_request", "request_id": "REQ-484D6B73", "method": "POST", "path": "/api/v1/cases/CASE-2026-0008/team/resume", "status_code": 409, "duration_ms": 1, "trace_id": "f4cacf844ba59b34ad7c68a09e02f943", "span_id": "9e57870c4571fb09"}
ok
test_second_rollback_renewal_failure_preserves_all_original_tokens (tests.test_recovery_consistency.TestRecoveryConsistency.test_second_rollback_renewal_failure_preserves_all_original_tokens) ... Executing <Task pending name='Task-54' coro=<TestRecoveryConsistency.test_second_rollback_renewal_failure_preserves_all_original_tokens() running at /workspace/tests/test_recovery_consistency.py:224> cb=[_run_until_complete_cb() at /usr/local/lib/python3.11/asyncio/base_events.py:181] created at /usr/local/lib/python3.11/asyncio/runners.py:100> took 0.163 seconds
{"timestamp": "2026-09-11T20:32:48.959546Z", "level": "INFO", "logger": "revguard.api", "message": "http_request", "request_id": "REQ-49F09093", "method": "POST", "path": "/api/v1/cases/CASE-2026-0008/team/resume", "status_code": 409, "duration_ms": 3, "trace_id": "e8bc1841827e90962f8e45b4f3539e19", "span_id": "b42b82d3dc9eafdc"}
{"timestamp": "2026-09-11T20:32:48.968634Z", "level": "INFO", "logger": "revguard.api", "message": "http_request", "request_id": "REQ-78A7B883", "method": "POST", "path": "/api/v1/cases/CASE-2026-0008/team/resume", "status_code": 202, "duration_ms": 6, "trace_id": "88d45cfabe5e6e8911c46e839314f8f1", "span_id": "69b0ca1c79dedc81"}
ok
test_committed_money_recovery_checks_read_only_permission_without_new_quota (tests.test_recovery_consistency_postgres.TestPostgresRecoveryConsistency.test_committed_money_recovery_checks_read_only_permission_without_new_quota) ... {"timestamp": "2026-09-11T20:32:49.385433Z", "level": "INFO", "logger": "revguard.api", "message": "http_request", "request_id": "REQ-D5B5EFFE", "method": "POST", "path": "/api/v1/cases/CASE-2026-0008/team/resume", "status_code": 202, "duration_ms": 19, "trace_id": "e0823125e82264bb9df7b035363d6fd5", "span_id": "c9faaed382e3afc8"}
ok
test_competing_recovery_transactions_commit_only_one_generation (tests.test_recovery_consistency_postgres.TestPostgresRecoveryConsistency.test_competing_recovery_transactions_commit_only_one_generation) ... ok
test_delayed_claimed_worker_cannot_post_after_human_resume (tests.test_recovery_consistency_postgres.TestPostgresRecoveryConsistency.test_delayed_claimed_worker_cannot_post_after_human_resume) ... {"timestamp": "2026-09-11T20:32:50.018807Z", "level": "INFO", "logger": "revguard.api", "message": "http_request", "request_id": "REQ-E90669AA", "method": "POST", "path": "/api/v1/cases/CASE-2026-0008/team/resume", "status_code": 202, "duration_ms": 18, "trace_id": "464f3fd95ef5c803ef309283f979edd2", "span_id": "9bcbed53c4ce4295"}
ok
test_dispatch_failure_remains_immediately_recoverable (tests.test_recovery_consistency_postgres.TestPostgresRecoveryConsistency.test_dispatch_failure_remains_immediately_recoverable) ... {"timestamp": "2026-09-11T20:32:50.238027Z", "level": "INFO", "logger": "revguard.api", "message": "http_request", "request_id": "REQ-FE75D821", "method": "POST", "path": "/api/v1/cases/CASE-2026-0008/team/resume", "status_code": 503, "duration_ms": 24, "trace_id": "70ae556f53fce83c43a8016f08027372", "span_id": "4ac29323d0b1b440"}
{"timestamp": "2026-09-11T20:32:50.259223Z", "level": "INFO", "logger": "revguard.api", "message": "http_request", "request_id": "REQ-60182842", "method": "POST", "path": "/api/v1/cases/CASE-2026-0008/team/resume", "status_code": 202, "duration_ms": 17, "trace_id": "dc66dec1288a16e7ba194cf87727f40b", "span_id": "d0bb52bcc001b721"}
ok
test_failed_resume_keeps_hold_task_capability_and_case_together (tests.test_recovery_consistency_postgres.TestPostgresRecoveryConsistency.test_failed_resume_keeps_hold_task_capability_and_case_together) ... {"timestamp": "2026-09-11T20:32:50.470031Z", "level": "ERROR", "logger": "revguard.api", "message": "recovery_commit_unconfirmed", "case_id": "CASE-2026-0008", "error_type": "RaiseException", "trace_id": "52df5e0adfc615a3cabc8c514cbdb8b1", "span_id": "c4f339e9c780f243"}
{"timestamp": "2026-09-11T20:32:50.470540Z", "level": "INFO", "logger": "revguard.api", "message": "http_request", "request_id": "REQ-4A570508", "method": "POST", "path": "/api/v1/cases/CASE-2026-0008/team/resume", "status_code": 503, "duration_ms": 16, "trace_id": "52df5e0adfc615a3cabc8c514cbdb8b1", "span_id": "c4f339e9c780f243"}
{"timestamp": "2026-09-11T20:32:50.497018Z", "level": "INFO", "logger": "revguard.api", "message": "http_request", "request_id": "REQ-38CDA9FC", "method": "POST", "path": "/api/v1/cases/CASE-2026-0008/team/resume", "status_code": 202, "duration_ms": 19, "trace_id": "0e6b0a14303fcd31b180a2a216be61f5", "span_id": "783fc85cd206fe3c"}
ok
test_final_recovery_audit_failure_rolls_back_every_write (tests.test_recovery_consistency_postgres.TestPostgresRecoveryConsistency.test_final_recovery_audit_failure_rolls_back_every_write) ... {"timestamp": "2026-09-11T20:32:50.711733Z", "level": "ERROR", "logger": "revguard.api", "message": "recovery_commit_unconfirmed", "case_id": "CASE-2026-0008", "error_type": "RuntimeError", "trace_id": "b08198448712633739aa8702d9a48952", "span_id": "8813546e223a41d6"}
{"timestamp": "2026-09-11T20:32:50.712215Z", "level": "INFO", "logger": "revguard.api", "message": "http_request", "request_id": "REQ-C0B4D7CB", "method": "POST", "path": "/api/v1/cases/CASE-2026-0008/team/resume", "status_code": 503, "duration_ms": 18, "trace_id": "b08198448712633739aa8702d9a48952", "span_id": "8813546e223a41d6"}
ok
test_independent_recovery_between_intent_and_effect_blocks_old_worker (tests.test_recovery_consistency_postgres.TestPostgresRecoveryConsistency.test_independent_recovery_between_intent_and_effect_blocks_old_worker) ... ok
test_old_background_error_cannot_freeze_a_new_recovery_generation (tests.test_recovery_consistency_postgres.TestPostgresRecoveryConsistency.test_old_background_error_cannot_freeze_a_new_recovery_generation) ... {"timestamp": "2026-09-11T20:32:51.177907Z", "level": "INFO", "logger": "revguard.api", "message": "http_request", "request_id": "REQ-7A90DDFA", "method": "POST", "path": "/api/v1/cases/CASE-2026-0008/team/resume", "status_code": 202, "duration_ms": 20, "trace_id": "3dbcfa4b11cbdf363be59a33edacd811", "span_id": "d7e62e194d854241"}
{"timestamp": "2026-09-11T20:32:51.179907Z", "level": "ERROR", "logger": "revguard.api", "message": "team_run_failed", "case_id": "CASE-2026-0008", "phase": "EXECUTION", "error_type": "RuntimeError"}
ok
test_read_only_permission_rejects_uncommitted_money (tests.test_recovery_consistency_postgres.TestPostgresRecoveryConsistency.test_read_only_permission_rejects_uncommitted_money) ... ok
test_real_mcp_closure_after_fencing_leaves_no_running_task (tests.test_recovery_consistency_postgres.TestPostgresRecoveryConsistency.test_real_mcp_closure_after_fencing_leaves_no_running_task) ... {"timestamp": "2026-09-11T20:32:51.600025Z", "level": "INFO", "logger": "revguard.api", "message": "http_request", "request_id": "REQ-FED7C1FC", "method": "POST", "path": "/api/v1/cases/CASE-2026-0008/team/resume", "status_code": 202, "duration_ms": 21, "trace_id": "0bb33f791d7fa7a93aa51912da09fa82", "span_id": "0358985cbbd8b3cc"}
ok
test_resume_fences_old_running_tasks_and_rejects_duplicate_recovery (tests.test_recovery_consistency_postgres.TestPostgresRecoveryConsistency.test_resume_fences_old_running_tasks_and_rejects_duplicate_recovery) ... {"timestamp": "2026-09-11T20:32:52.046017Z", "level": "INFO", "logger": "revguard.api", "message": "http_request", "request_id": "REQ-AE2B86B2", "method": "POST", "path": "/api/v1/cases/CASE-2026-0008/team/resume", "status_code": 202, "duration_ms": 18, "trace_id": "69ee95e5313a6d604256ad668f1b79ae", "span_id": "322ec6fa82ea1a2e"}
{"timestamp": "2026-09-11T20:32:52.056764Z", "level": "INFO", "logger": "revguard.api", "message": "http_request", "request_id": "REQ-B683DC76", "method": "POST", "path": "/api/v1/cases/CASE-2026-0008/team/resume", "status_code": 409, "duration_ms": 8, "trace_id": "ff96d9a729bb56c31b452432eaefc43e", "span_id": "a1a9134cac8dd0ad"}
ok
test_second_rollback_renewal_failure_preserves_all_original_tokens (tests.test_recovery_consistency_postgres.TestPostgresRecoveryConsistency.test_second_rollback_renewal_failure_preserves_all_original_tokens) ... {"timestamp": "2026-09-11T20:32:52.282502Z", "level": "INFO", "logger": "revguard.api", "message": "http_request", "request_id": "REQ-91CF3D21", "method": "POST", "path": "/api/v1/cases/CASE-2026-0008/team/resume", "status_code": 409, "duration_ms": 16, "trace_id": "71bddcd252e7a7f05ef1cdf5882b74ed", "span_id": "46f9812c746114e5"}
{"timestamp": "2026-09-11T20:32:52.309713Z", "level": "INFO", "logger": "revguard.api", "message": "http_request", "request_id": "REQ-6142F868", "method": "POST", "path": "/api/v1/cases/CASE-2026-0008/team/resume", "status_code": 202, "duration_ms": 21, "trace_id": "4abebd6c8a974285f6379382272d9d4c", "span_id": "7a2a0017ab928ef1"}
ok
test_batch_second_component_failure_rolls_back_every_effect (tests.test_money_recovery.TestMoneyRecovery.test_batch_second_component_failure_rolls_back_every_effect) ... ok
test_committed_result_is_bound_to_original_case_and_parameters (tests.test_money_recovery.TestMoneyRecovery.test_committed_result_is_bound_to_original_case_and_parameters) ... ok
test_database_commit_failure_blocks_new_keys_until_reconciled (tests.test_money_recovery.TestMoneyRecovery.test_database_commit_failure_blocks_new_keys_until_reconciled) ... ok
test_database_outage_does_not_mask_original_exception_or_stop_otel (tests.test_money_recovery.TestMoneyRecovery.test_database_outage_does_not_mask_original_exception_or_stop_otel) ... {"timestamp": "2026-09-11T20:32:54.678364Z", "level": "ERROR", "logger": "revguard.trace", "message": "trace_store_unavailable", "case_id": "CASE-2026-0008", "error_type": "OperationalError"}
{"timestamp": "2026-09-11T20:32:54.678607Z", "level": "ERROR", "logger": "revguard.trace", "message": "trace_persistence_failed", "case_id": "CASE-2026-0008", "span_name": "fault-injection", "error_type": "OperationalError"}
ok
test_legacy_ledger_is_durable_before_first_new_money_operation (tests.test_money_recovery.TestMoneyRecovery.test_legacy_ledger_is_durable_before_first_new_money_operation) ... ok
test_lost_compensation_response_only_reconciles_committed_batch (tests.test_money_recovery.TestMoneyRecovery.test_lost_compensation_response_only_reconciles_committed_batch) ... ok
test_lost_submit_response_recovers_without_reposting (tests.test_money_recovery.TestMoneyRecovery.test_lost_submit_response_recovers_without_reposting) ... ok
test_missing_execution_projection_is_rebuilt_from_committed_operation (tests.test_money_recovery.TestMoneyRecovery.test_missing_execution_projection_is_rebuilt_from_committed_operation) ... ok
test_money_timeout_attempted_once_and_never_treated_as_safe_retry (tests.test_money_recovery.TestMoneyRecovery.test_money_timeout_attempted_once_and_never_treated_as_safe_retry) ... ok
test_otel_propagates_agent_parent_to_skill_and_tool (tests.test_money_recovery.TestMoneyRecovery.test_otel_propagates_agent_parent_to_skill_and_tool) ... ok
test_other_valid_transaction_does_not_trigger_compensation (tests.test_money_recovery.TestMoneyRecovery.test_other_valid_transaction_does_not_trigger_compensation) ... ok
test_reconciling_one_case_cannot_release_another_cases_channel_hold (tests.test_money_recovery.TestMoneyRecovery.test_reconciling_one_case_cannot_release_another_cases_channel_hold) ... ok
test_recording_reset_keeps_history_without_replaying_old_money (tests.test_money_recovery.TestMoneyRecovery.test_recording_reset_keeps_history_without_replaying_old_money) ... ok
test_restore_lock_blocks_reconciliation_and_money_effects (tests.test_money_recovery.TestMoneyRecovery.test_restore_lock_blocks_reconciliation_and_money_effects) ... ok
test_second_compensation_failure_cannot_leave_half_reversed_batch (tests.test_money_recovery.TestMoneyRecovery.test_second_compensation_failure_cannot_leave_half_reversed_batch) ... ok
test_stale_executor_is_fenced_after_reconciliation (tests.test_money_recovery.TestMoneyRecovery.test_stale_executor_is_fenced_after_reconciliation) ... ok
test_transient_read_mismatch_does_not_reverse_good_posting (tests.test_money_recovery.TestMoneyRecovery.test_transient_read_mismatch_does_not_reverse_good_posting) ... ok

----------------------------------------------------------------------
Ran 41 tests in 16.132s

OK
